Archive member included to satisfy reference by file (symbol)

C:/Users/rui/AppData/Local/stm32cube/bundles/gnu-tools-for-stm32/13.3.1+st.9/bin/../lib/gcc/arm-none-eabi/13.3.1/../../../../arm-none-eabi/lib/thumb/v7-m/nofp\libg_nano.a(libc_a-exit.o)
                              C:/Users/rui/AppData/Local/stm32cube/bundles/gnu-tools-for-stm32/13.3.1+st.9/bin/../lib/gcc/arm-none-eabi/13.3.1/../../../../arm-none-eabi/lib/thumb/v7-m/nofp/crt0.o (exit)
C:/Users/rui/AppData/Local/stm32cube/bundles/gnu-tools-for-stm32/13.3.1+st.9/bin/../lib/gcc/arm-none-eabi/13.3.1/../../../../arm-none-eabi/lib/thumb/v7-m/nofp\libg_nano.a(libc_a-findfp.o)
                              C:/Users/rui/AppData/Local/stm32cube/bundles/gnu-tools-for-stm32/13.3.1+st.9/bin/../lib/gcc/arm-none-eabi/13.3.1/../../../../arm-none-eabi/lib/thumb/v7-m/nofp\libg_nano.a(libc_a-exit.o) (__stdio_exit_handler)
C:/Users/rui/AppData/Local/stm32cube/bundles/gnu-tools-for-stm32/13.3.1+st.9/bin/../lib/gcc/arm-none-eabi/13.3.1/../../../../arm-none-eabi/lib/thumb/v7-m/nofp\libg_nano.a(libc_a-fwalk.o)
                              C:/Users/rui/AppData/Local/stm32cube/bundles/gnu-tools-for-stm32/13.3.1+st.9/bin/../lib/gcc/arm-none-eabi/13.3.1/../../../../arm-none-eabi/lib/thumb/v7-m/nofp\libg_nano.a(libc_a-findfp.o) (_fwalk_sglue)
C:/Users/rui/AppData/Local/stm32cube/bundles/gnu-tools-for-stm32/13.3.1+st.9/bin/../lib/gcc/arm-none-eabi/13.3.1/../../../../arm-none-eabi/lib/thumb/v7-m/nofp\libg_nano.a(libc_a-printf.o)
                              CMakeFiles/ip7_lcd_to_rgb.dir/User/ssd2828.c.obj (printf)
C:/Users/rui/AppData/Local/stm32cube/bundles/gnu-tools-for-stm32/13.3.1+st.9/bin/../lib/gcc/arm-none-eabi/13.3.1/../../../../arm-none-eabi/lib/thumb/v7-m/nofp\libg_nano.a(libc_a-putchar.o)
                              CMakeFiles/ip7_lcd_to_rgb.dir/User/ip7_touch.c.obj (putchar)
C:/Users/rui/AppData/Local/stm32cube/bundles/gnu-tools-for-stm32/13.3.1+st.9/bin/../lib/gcc/arm-none-eabi/13.3.1/../../../../arm-none-eabi/lib/thumb/v7-m/nofp\libg_nano.a(libc_a-puts.o)
                              CMakeFiles/ip7_lcd_to_rgb.dir/Core/Src/main.c.obj (puts)
C:/Users/rui/AppData/Local/stm32cube/bundles/gnu-tools-for-stm32/13.3.1+st.9/bin/../lib/gcc/arm-none-eabi/13.3.1/../../../../arm-none-eabi/lib/thumb/v7-m/nofp\libg_nano.a(libc_a-stdio.o)
                              C:/Users/rui/AppData/Local/stm32cube/bundles/gnu-tools-for-stm32/13.3.1+st.9/bin/../lib/gcc/arm-none-eabi/13.3.1/../../../../arm-none-eabi/lib/thumb/v7-m/nofp\libg_nano.a(libc_a-findfp.o) (__sread)
C:/Users/rui/AppData/Local/stm32cube/bundles/gnu-tools-for-stm32/13.3.1+st.9/bin/../lib/gcc/arm-none-eabi/13.3.1/../../../../arm-none-eabi/lib/thumb/v7-m/nofp\libg_nano.a(libc_a-wbuf.o)
                              C:/Users/rui/AppData/Local/stm32cube/bundles/gnu-tools-for-stm32/13.3.1+st.9/bin/../lib/gcc/arm-none-eabi/13.3.1/../../../../arm-none-eabi/lib/thumb/v7-m/nofp\libg_nano.a(libc_a-puts.o) (__swbuf_r)
C:/Users/rui/AppData/Local/stm32cube/bundles/gnu-tools-for-stm32/13.3.1+st.9/bin/../lib/gcc/arm-none-eabi/13.3.1/../../../../arm-none-eabi/lib/thumb/v7-m/nofp\libg_nano.a(libc_a-wsetup.o)
                              C:/Users/rui/AppData/Local/stm32cube/bundles/gnu-tools-for-stm32/13.3.1+st.9/bin/../lib/gcc/arm-none-eabi/13.3.1/../../../../arm-none-eabi/lib/thumb/v7-m/nofp\libg_nano.a(libc_a-puts.o) (__swsetup_r)
C:/Users/rui/AppData/Local/stm32cube/bundles/gnu-tools-for-stm32/13.3.1+st.9/bin/../lib/gcc/arm-none-eabi/13.3.1/../../../../arm-none-eabi/lib/thumb/v7-m/nofp\libg_nano.a(libc_a-memset.o)
                              C:/Users/rui/AppData/Local/stm32cube/bundles/gnu-tools-for-stm32/13.3.1+st.9/bin/../lib/gcc/arm-none-eabi/13.3.1/../../../../arm-none-eabi/lib/thumb/v7-m/nofp/crt0.o (memset)
C:/Users/rui/AppData/Local/stm32cube/bundles/gnu-tools-for-stm32/13.3.1+st.9/bin/../lib/gcc/arm-none-eabi/13.3.1/../../../../arm-none-eabi/lib/thumb/v7-m/nofp\libg_nano.a(libc_a-closer.o)
                              C:/Users/rui/AppData/Local/stm32cube/bundles/gnu-tools-for-stm32/13.3.1+st.9/bin/../lib/gcc/arm-none-eabi/13.3.1/../../../../arm-none-eabi/lib/thumb/v7-m/nofp\libg_nano.a(libc_a-stdio.o) (_close_r)
C:/Users/rui/AppData/Local/stm32cube/bundles/gnu-tools-for-stm32/13.3.1+st.9/bin/../lib/gcc/arm-none-eabi/13.3.1/../../../../arm-none-eabi/lib/thumb/v7-m/nofp\libg_nano.a(libc_a-reent.o)
                              C:/Users/rui/AppData/Local/stm32cube/bundles/gnu-tools-for-stm32/13.3.1+st.9/bin/../lib/gcc/arm-none-eabi/13.3.1/../../../../arm-none-eabi/lib/thumb/v7-m/nofp\libg_nano.a(libc_a-closer.o) (errno)
C:/Users/rui/AppData/Local/stm32cube/bundles/gnu-tools-for-stm32/13.3.1+st.9/bin/../lib/gcc/arm-none-eabi/13.3.1/../../../../arm-none-eabi/lib/thumb/v7-m/nofp\libg_nano.a(libc_a-impure.o)
[...]
Memory Configuration

Name             Origin             Length             Attributes
RAM              0x20000000         0x00005000         xrw
FLASH            0x08000000         0x00020000         xr
*default*        0x00000000         0xffffffff

Linker script and memory map

LOAD C:/Users/rui/AppData/Local/stm32cube/bundles/gnu-tools-for-stm32/13.3.1+st.9/bin/../lib/gcc/arm-none-eabi/13.3.1/thumb/v7-m/nofp/crti.o
LOAD C:/Users/rui/AppData/Local/stm32cube/bundles/gnu-tools-for-stm32/13.3.1+st.9/bin/../lib/gcc/arm-none-eabi/13.3.1/thumb/v7-m/nofp/crtbegin.o
LOAD C:/Users/rui/AppData/Local/stm32cube/bundles/gnu-tools-for-stm32/13.3.1+st.9/bin/../lib/gcc/arm-none-eabi/13.3.1/../../../../arm-none-eabi/lib/thumb/v7-m/nofp/crt0.o
LOAD cmake/stm32cubemx/CMakeFiles/STM32_Drivers.dir/__/__/Core/Src/system_stm32f1xx.c.obj
LOAD cmake/stm32cubemx/CMakeFiles/STM32_Drivers.dir/__/__/Drivers/STM32F1xx_HAL_Driver/Src/stm32f1xx_hal_gpio_ex.c.obj
LOAD cmake/stm32cubemx/CMakeFiles/STM32_Drivers.dir/__/__/Drivers/STM32F1xx_HAL_Driver/Src/stm32f1xx_hal_spi.c.obj
LOAD cmake/stm32cubemx/CMakeFiles/STM32_Drivers.dir/__/__/Drivers/STM32F1xx_HAL_Driver/Src/stm32f1xx_hal.c.obj
LOAD cmake/stm32cubemx/CMakeFiles/STM32_Drivers.dir/__/__/Drivers/STM32F1xx_HAL_Driver/Src/stm32f1xx_hal_rcc.c.obj
LOAD cmake/stm32cubemx/CMakeFiles/STM32_Drivers.dir/__/__/Drivers/STM32F1xx_HAL_Driver/Src/stm32f1xx_hal_rcc_ex.c.obj
LOAD cmake/stm32cubemx/CMakeFiles/STM32_Drivers.dir/__/__/Drivers/STM32F1xx_HAL_Driver/Src/stm32f1xx_hal_gpio.c.obj
LOAD cmake/stm32cubemx/CMakeFiles/STM32_Drivers.dir/__/__/Drivers/STM32F1xx_HAL_Driver/Src/stm32f1xx_hal_dma.c.obj
LOAD cmake/stm32cubemx/CMakeFiles/STM32_Drivers.dir/__/__/Drivers/STM32F1xx_HAL_Driver/Src/stm32f1xx_hal_cortex.c.obj
LOAD cmake/stm32cubemx/CMakeFiles/STM32_Drivers.dir/__/__/Drivers/STM32F1xx_HAL_Driver/Src/stm32f1xx_hal_pwr.c.obj
LOAD cmake/stm32cubemx/CMakeFiles/STM32_Drivers.dir/__/__/Drivers/STM32F1xx_HAL_Driver/Src/stm32f1xx_hal_flash.c.obj
LOAD cmake/stm32cubemx/CMakeFiles/STM32_Drivers.dir/__/__/Drivers/STM32F1xx_HAL_Driver/Src/stm32f1xx_hal_flash_ex.c.obj
LOAD cmake/stm32cubemx/CMakeFiles/STM32_Drivers.dir/__/__/Drivers/STM32F1xx_HAL_Driver/Src/stm32f1xx_hal_exti.c.obj
LOAD cmake/stm32cubemx/CMakeFiles/STM32_Drivers.dir/__/__/Drivers/STM32F1xx_HAL_Driver/Src/stm32f1xx_hal_tim.c.obj
LOAD cmake/stm32cubemx/CMakeFiles/STM32_Drivers.dir/__/__/Drivers/STM32F1xx_HAL_Driver/Src/stm32f1xx_hal_tim_ex.c.obj
LOAD cmake/stm32cubemx/CMakeFiles/STM32_Drivers.dir/__/__/Drivers/STM32F1xx_HAL_Driver/Src/stm32f1xx_hal_uart.c.obj
LOAD CMakeFiles/ip7_lcd_to_rgb.dir/Core/Src/main.c.obj
LOAD CMakeFiles/ip7_lcd_to_rgb.dir/Core/Src/gpio.c.obj
LOAD CMakeFiles/ip7_lcd_to_rgb.dir/Core/Src/dma.c.obj
LOAD CMakeFiles/ip7_lcd_to_rgb.dir/Core/Src/spi.c.obj
LOAD CMakeFiles/ip7_lcd_to_rgb.dir/Core/Src/tim.c.obj
LOAD CMakeFiles/ip7_lcd_to_rgb.dir/Core/Src/usart.c.obj
LOAD CMakeFiles/ip7_lcd_to_rgb.dir/Core/Src/stm32f1xx_it.c.obj
LOAD CMakeFiles/ip7_lcd_to_rgb.dir/Core/Src/stm32f1xx_hal_msp.c.obj
LOAD CMakeFiles/ip7_lcd_to_rgb.dir/Core/Src/sysmem.c.obj
LOAD CMakeFiles/ip7_lcd_to_rgb.dir/Core/Src/syscalls.c.obj
LOAD CMakeFiles/ip7_lcd_to_rgb.dir/startup_stm32f103xb.s.obj
LOAD CMakeFiles/ip7_lcd_to_rgb.dir/User/ssd2828.c.obj
LOAD CMakeFiles/ip7_lcd_to_rgb.dir/User/ip7_touch.c.obj
LOAD C:/Users/rui/AppData/Local/stm32cube/bundles/gnu-tools-for-stm32/13.3.1+st.9/bin/../lib/gcc/arm-none-eabi/13.3.1/../../../../arm-none-eabi/lib/thumb/v7-m/nofp\libm.a
START GROUP
LOAD C:/Users/rui/AppData/Local/stm32cube/bundles/gnu-tools-for-stm32/13.3.1+st.9/bin/../lib/gcc/arm-none-eabi/13.3.1/thumb/v7-m/nofp\libgcc.a
LOAD C:/Users/rui/AppData/Local/stm32cube/bundles/gnu-tools-for-stm32/13.3.1+st.9/bin/../lib/gcc/arm-none-eabi/13.3.1/../../../../arm-none-eabi/lib/thumb/v7-m/nofp\libg_nano.a
LOAD C:/Users/rui/AppData/Local/stm32cube/bundles/gnu-tools-for-stm32/13.3.1+st.9/bin/../lib/gcc/arm-none-eabi/13.3.1/../../../../arm-none-eabi/lib/thumb/v7-m/nofp\libc_nano.a
END GROUP
START GROUP
LOAD C:/Users/rui/AppData/Local/stm32cube/bundles/gnu-tools-for-stm32/13.3.1+st.9/bin/../lib/gcc/arm-none-eabi/13.3.1/thumb/v7-m/nofp\libgcc.a
LOAD C:/Users/rui/AppData/Local/stm32cube/bundles/gnu-tools-for-stm32/13.3.1+st.9/bin/../lib/gcc/arm-none-eabi/13.3.1/../../../../arm-none-eabi/lib/thumb/v7-m/nofp\libc_nano.a
END GROUP
LOAD C:/Users/rui/AppData/Local/stm32cube/bundles/gnu-tools-for-stm32/13.3.1+st.9/bin/../lib/gcc/arm-none-eabi/13.3.1/thumb/v7-m/nofp/crtend.o
LOAD C:/Users/rui/AppData/Local/stm32cube/bundles/gnu-tools-for-stm32/13.3.1+st.9/bin/../lib/gcc/arm-none-eabi/13.3.1/thumb/v7-m/nofp/crtn.o
                0x20005000                        _estack = (ORIGIN (RAM) + LENGTH (RAM))
                0x00000200                        _Min_Heap_Size = 0x200
                0x00000400                        _Min_Stack_Size = 0x400

.isr_vector     0x08000000      0x10c
                0x08000000                        . = ALIGN (0x4)
 *(.isr_vector)
 .isr_vector    0x08000000      0x10c CMakeFiles/ip7_lcd_to_rgb.dir/startup_stm32f103xb.s.obj
                0x08000000                g_pfnVectors
                0x0800010c                        . = ALIGN (0x4)

.text           0x0800010c     0x53a8
                0x0800010c                        . = ALIGN (0x4)
 *(.text)
 .text          0x0800010c       0x40 C:/Users/rui/AppData/Local/stm32cube/bundles/gnu-tools-for-stm32/13.3.1+st.9/bin/../lib/gcc/arm-none-eabi/13.3.1/thumb/v7-m/nofp/crtbegin.o
 *(.text*)
 .text.SystemInit
                0x0800014c        0xc cmake/stm32cubemx/CMakeFiles/STM32_Drivers.dir/__/__/Core/Src/system_stm32f1xx.c.obj
                0x0800014c                SystemInit
 .text.HAL_SPI_Init
                0x08000158      0x108 cmake/stm32cubemx/CMakeFiles/STM32_Drivers.dir/__/__/Drivers/STM32F1xx_HAL_Driver/Src/stm32f1xx_hal_spi.c.obj
                0x08000158                HAL_SPI_Init
 .text.HAL_SPI_Transmit
                0x08000260      0x288 cmake/stm32cubemx/CMakeFiles/STM32_Drivers.dir/__/__/Drivers/STM32F1xx_HAL_Driver/Src/stm32f1xx_hal_spi.c.obj
                0x08000260                HAL_SPI_Transmit
 .text.HAL_SPI_Receive
                0x080004e8      0x232 cmake/stm32cubemx/CMakeFiles/STM32_Drivers.dir/__/__/Drivers/STM32F1xx_HAL_Driver/Src/stm32f1xx_hal_spi.c.obj
                0x080004e8                HAL_SPI_Receive
 .text.HAL_SPI_TransmitReceive
                0x0800071a      0x352 cmake/stm32cubemx/CMakeFiles/STM32_Drivers.dir/__/__/Drivers/STM32F1xx_HAL_Driver/Src/stm32f1xx_hal_spi.c.obj
                0x0800071a                HAL_SPI_TransmitReceive
 .text.HAL_SPI_Transmit_DMA
                0x08000a6c      0x164 cmake/stm32cubemx/CMakeFiles/STM32_Drivers.dir/__/__/Drivers/STM32F1xx_HAL_Driver/Src/stm32f1xx_hal_spi.c.obj
                0x08000a6c                HAL_SPI_Transmit_DMA
 .text.HAL_SPI_DMAStop
                0x08000bd0       0x7e cmake/stm32cubemx/CMakeFiles/STM32_Drivers.dir/__/__/Drivers/STM32F1xx_HAL_Driver/Src/stm32f1xx_hal_spi.c.obj
                0x08000bd0                HAL_SPI_DMAStop
 .text.HAL_SPI_TxHalfCpltCallback
                0x08000c4e       0x12 cmake/stm32cubemx/CMakeFiles/STM32_Drivers.dir/__/__/Drivers/STM32F1xx_HAL_Driver/Src/stm32f1xx_hal_spi.c.obj
                0x08000c4e                HAL_SPI_TxHalfCpltCallback
 .text.HAL_SPI_ErrorCallback
                0x08000c60       0x12 cmake/stm32cubemx/CMakeFiles/STM32_Drivers.dir/__/__/Drivers/STM32F1xx_HAL_Driver/Src/stm32f1xx_hal_spi.c.obj
                0x08000c60                HAL_SPI_ErrorCallback
 .text.SPI_DMATransmitCplt
                0x08000c72       0xa6 cmake/stm32cubemx/CMakeFiles/STM32_Drivers.dir/__/__/Drivers/STM32F1xx_HAL_Driver/Src/stm32f1xx_hal_spi.c.obj
 .text.SPI_DMAHalfTransmitCplt
                0x08000d18       0x1c cmake/stm32cubemx/CMakeFiles/STM32_Drivers.dir/__/__/Drivers/STM32F1xx_HAL_Driver/Src/stm32f1xx_hal_spi.c.obj
 .text.SPI_DMAError
                0x08000d34       0x40 cmake/stm32cubemx/CMakeFiles/STM32_Drivers.dir/__/__/Drivers/STM32F1xx_HAL_Driver/Src/stm32f1xx_hal_spi.c.obj
 .text.SPI_WaitFlagStateUntilTimeout
                0x08000d74      0x110 cmake/stm32cubemx/CMakeFiles/STM32_Drivers.dir/__/__/Drivers/STM32F1xx_HAL_Driver/Src/stm32f1xx_hal_spi.c.obj
 .text.SPI_EndRxTransaction
                0x08000e84       0xa4 cmake/stm32cubemx/CMakeFiles/STM32_Drivers.dir/__/__/Drivers/STM32F1xx_HAL_Driver/Src/stm32f1xx_hal_spi.c.obj
 .text.SPI_EndRxTxTransaction
                0x08000f28       0x62 cmake/stm32cubemx/CMakeFiles/STM32_Drivers.dir/__/__/Drivers/STM32F1xx_HAL_Driver/Src/stm32f1xx_hal_spi.c.obj
 *fill*         0x08000f8a        0x2 
 .text.HAL_Init
                0x08000f8c       0x2c cmake/stm32cubemx/CMakeFiles/STM32_Drivers.dir/__/__/Drivers/STM32F1xx_HAL_Driver/Src/stm32f1xx_hal.c.obj
                0x08000f8c                HAL_Init
 .text.HAL_InitTick
                0x08000fb8       0x60 cmake/stm32cubemx/CMakeFiles/STM32_Drivers.dir/__/__/Drivers/STM32F1xx_HAL_Driver/Src/stm32f1xx_hal.c.obj
                0x08000fb8                HAL_InitTick
 .text.HAL_IncTick
                0x08001018       0x24 cmake/stm32cubemx/CMakeFiles/STM32_Drivers.dir/__/__/Drivers/STM32F1xx_HAL_Driver/Src/stm32f1xx_hal.c.obj
                0x08001018                HAL_IncTick
 .text.HAL_GetTick
                0x0800103c       0x14 cmake/stm32cubemx/CMakeFiles/STM32_Drivers.dir/__/__/Drivers/STM32F1xx_HAL_Driver/Src/stm32f1xx_hal.c.obj
                0x0800103c                HAL_GetTick
 .text.HAL_Delay
                0x08001050       0x48 cmake/stm32cubemx/CMakeFiles/STM32_Drivers.dir/__/__/Drivers/STM32F1xx_HAL_Driver/Src/stm32f1xx_hal.c.obj
                0x08001050                HAL_Delay
 .text.HAL_RCC_OscConfig
                0x08001098      0x504 cmake/stm32cubemx/CMakeFiles/STM32_Drivers.dir/__/__/Drivers/STM32F1xx_HAL_Driver/Src/stm32f1xx_hal_rcc.c.obj
                0x08001098                HAL_RCC_OscConfig
 .text.HAL_RCC_ClockConfig
                0x0800159c      0x1d4 cmake/stm32cubemx/CMakeFiles/STM32_Drivers.dir/__/__/Drivers/STM32F1xx_HAL_Driver/Src/stm32f1xx_hal_rcc.c.obj
                0x0800159c                HAL_RCC_ClockConfig
 .text.HAL_RCC_GetSysClockFreq
                0x08001770       0xa8 cmake/stm32cubemx/CMakeFiles/STM32_Drivers.dir/__/__/Drivers/STM32F1xx_HAL_Driver/Src/stm32f1xx_hal_rcc.c.obj
                0x08001770                HAL_RCC_GetSysClockFreq
 .text.HAL_RCC_GetHCLKFreq
                0x08001818       0x14 cmake/stm32cubemx/CMakeFiles/STM32_Drivers.dir/__/__/Drivers/STM32F1xx_HAL_Driver/Src/stm32f1xx_hal_rcc.c.obj
                0x08001818                HAL_RCC_GetHCLKFreq
 .text.HAL_RCC_GetPCLK1Freq
                0x0800182c       0x28 cmake/stm32cubemx/CMakeFiles/STM32_Drivers.dir/__/__/Drivers/STM32F1xx_HAL_Driver/Src/stm32f1xx_hal_rcc.c.obj
                0x0800182c                HAL_RCC_GetPCLK1Freq
 .text.HAL_RCC_GetPCLK2Freq
                0x08001854       0x28 cmake/stm32cubemx/CMakeFiles/STM32_Drivers.dir/__/__/Drivers/STM32F1xx_HAL_Driver/Src/stm32f1xx_hal_rcc.c.obj
                0x08001854                HAL_RCC_GetPCLK2Freq
 .text.RCC_Delay
                0x0800187c       0x3c cmake/stm32cubemx/CMakeFiles/STM32_Drivers.dir/__/__/Drivers/STM32F1xx_HAL_Driver/Src/stm32f1xx_hal_rcc.c.obj
 .text.HAL_GPIO_Init
                0x080018b8      0x308 cmake/stm32cubemx/CMakeFiles/STM32_Drivers.dir/__/__/Drivers/STM32F1xx_HAL_Driver/Src/stm32f1xx_hal_gpio.c.obj
                0x080018b8                HAL_GPIO_Init
 .text.HAL_GPIO_ReadPin
                0x08001bc0       0x2e cmake/stm32cubemx/CMakeFiles/STM32_Drivers.dir/__/__/Drivers/STM32F1xx_HAL_Driver/Src/stm32f1xx_hal_gpio.c.obj
                0x08001bc0                HAL_GPIO_ReadPin
 .text.HAL_GPIO_WritePin
                0x08001bee       0x30 cmake/stm32cubemx/CMakeFiles/STM32_Drivers.dir/__/__/Drivers/STM32F1xx_HAL_Driver/Src/stm32f1xx_hal_gpio.c.obj
                0x08001bee                HAL_GPIO_WritePin
 *fill*         0x08001c1e        0x2 
 .text.HAL_DMA_Init
                0x08001c20       0xb4 cmake/stm32cubemx/CMakeFiles/STM32_Drivers.dir/__/__/Drivers/STM32F1xx_HAL_Driver/Src/stm32f1xx_hal_dma.c.obj
                0x08001c20                HAL_DMA_Init
 .text.HAL_DMA_Start_IT
                0x08001cd4       0xc0 cmake/stm32cubemx/CMakeFiles/STM32_Drivers.dir/__/__/Drivers/STM32F1xx_HAL_Driver/Src/stm32f1xx_hal_dma.c.obj
                0x08001cd4                HAL_DMA_Start_IT
 .text.HAL_DMA_Abort
                0x08001d94       0x76 cmake/stm32cubemx/CMakeFiles/STM32_Drivers.dir/__/__/Drivers/STM32F1xx_HAL_Driver/Src/stm32f1xx_hal_dma.c.obj
                0x08001d94                HAL_DMA_Abort
 *fill*         0x08001e0a        0x2 
 .text.HAL_DMA_IRQHandler
                0x08001e0c      0x20c cmake/stm32cubemx/CMakeFiles/STM32_Drivers.dir/__/__/Drivers/STM32F1xx_HAL_Driver/Src/stm32f1xx_hal_dma.c.obj
                0x08001e0c                HAL_DMA_IRQHandler
 .text.DMA_SetConfig
                0x08002018       0x5a cmake/stm32cubemx/CMakeFiles/STM32_Drivers.dir/__/__/Drivers/STM32F1xx_HAL_Driver/Src/stm32f1xx_hal_dma.c.obj
 *fill*         0x08002072        0x2 
 .text.__NVIC_SetPriorityGrouping
                0x08002074       0x48 cmake/stm32cubemx/CMakeFiles/STM32_Drivers.dir/__/__/Drivers/STM32F1xx_HAL_Driver/Src/stm32f1xx_hal_cortex.c.obj
 .text.__NVIC_GetPriorityGrouping
                0x080020bc       0x1c cmake/stm32cubemx/CMakeFiles/STM32_Drivers.dir/__/__/Drivers/STM32F1xx_HAL_Driver/Src/stm32f1xx_hal_cortex.c.obj
 .text.__NVIC_EnableIRQ
                0x080020d8       0x38 cmake/stm32cubemx/CMakeFiles/STM32_Drivers.dir/__/__/Drivers/STM32F1xx_HAL_Driver/Src/stm32f1xx_hal_cortex.c.obj
 .text.__NVIC_SetPriority
                0x08002110       0x54 cmake/stm32cubemx/CMakeFiles/STM32_Drivers.dir/__/__/Drivers/STM32F1xx_HAL_Driver/Src/stm32f1xx_hal_cortex.c.obj
 .text.NVIC_EncodePriority
                0x08002164       0x64 cmake/stm32cubemx/CMakeFiles/STM32_Drivers.dir/__/__/Drivers/STM32F1xx_HAL_Driver/Src/stm32f1xx_hal_cortex.c.obj
 .text.SysTick_Config
                0x080021c8       0x44 cmake/stm32cubemx/CMakeFiles/STM32_Drivers.dir/__/__/Drivers/STM32F1xx_HAL_Driver/Src/stm32f1xx_hal_cortex.c.obj
 .text.HAL_NVIC_SetPriorityGrouping
                0x0800220c       0x16 cmake/stm32cubemx/CMakeFiles/STM32_Drivers.dir/__/__/Drivers/STM32F1xx_HAL_Driver/Src/stm32f1xx_hal_cortex.c.obj
                0x0800220c                HAL_NVIC_SetPriorityGrouping
 .text.HAL_NVIC_SetPriority
                0x08002222       0x38 cmake/stm32cubemx/CMakeFiles/STM32_Drivers.dir/__/__/Drivers/STM32F1xx_HAL_Driver/Src/stm32f1xx_hal_cortex.c.obj
                0x08002222                HAL_NVIC_SetPriority
 .text.HAL_NVIC_EnableIRQ
                0x0800225a       0x1c cmake/stm32cubemx/CMakeFiles/STM32_Drivers.dir/__/__/Drivers/STM32F1xx_HAL_Driver/Src/stm32f1xx_hal_cortex.c.obj
                0x0800225a                HAL_NVIC_EnableIRQ
 .text.HAL_SYSTICK_Config
                0x08002276       0x18 cmake/stm32cubemx/CMakeFiles/STM32_Drivers.dir/__/__/Drivers/STM32F1xx_HAL_Driver/Src/stm32f1xx_hal_cortex.c.obj
                0x08002276                HAL_SYSTICK_Config
 .text.HAL_TIM_Base_Init
                0x0800228e       0x9e cmake/stm32cubemx/CMakeFiles/STM32_Drivers.dir/__/__/Drivers/STM32F1xx_HAL_Driver/Src/stm32f1xx_hal_tim.c.obj
                0x0800228e                HAL_TIM_Base_Init
 .text.HAL_TIM_PWM_Init
                0x0800232c       0x9e cmake/stm32cubemx/CMakeFiles/STM32_Drivers.dir/__/__/Drivers/STM32F1xx_HAL_Driver/Src/stm32f1xx_hal_tim.c.obj
                0x0800232c                HAL_TIM_PWM_Init
 .text.HAL_TIM_PWM_MspInit
                0x080023ca       0x12 cmake/stm32cubemx/CMakeFiles/STM32_Drivers.dir/__/__/Drivers/STM32F1xx_HAL_Driver/Src/stm32f1xx_hal_tim.c.obj
                0x080023ca                HAL_TIM_PWM_MspInit
 .text.HAL_TIM_PWM_Start
                0x080023dc      0x144 cmake/stm32cubemx/CMakeFiles/STM32_Drivers.dir/__/__/Drivers/STM32F1xx_HAL_Driver/Src/stm32f1xx_hal_tim.c.obj
                0x080023dc                HAL_TIM_PWM_Start
 .text.HAL_TIM_PWM_ConfigChannel
                0x08002520      0x184 cmake/stm32cubemx/CMakeFiles/STM32_Drivers.dir/__/__/Drivers/STM32F1xx_HAL_Driver/Src/stm32f1xx_hal_tim.c.obj
                0x08002520                HAL_TIM_PWM_ConfigChannel
 .text.HAL_TIM_ConfigClockSource
                0x080026a4      0x18e cmake/stm32cubemx/CMakeFiles/STM32_Drivers.dir/__/__/Drivers/STM32F1xx_HAL_Driver/Src/stm32f1xx_hal_tim.c.obj
                0x080026a4                HAL_TIM_ConfigClockSource
 *fill*         0x08002832        0x2 
 .text.TIM_Base_SetConfig
                0x08002834       0xdc cmake/stm32cubemx/CMakeFiles/STM32_Drivers.dir/__/__/Drivers/STM32F1xx_HAL_Driver/Src/stm32f1xx_hal_tim.c.obj
                0x08002834                TIM_Base_SetConfig
 .text.TIM_OC1_SetConfig
                0x08002910       0xcc cmake/stm32cubemx/CMakeFiles/STM32_Drivers.dir/__/__/Drivers/STM32F1xx_HAL_Driver/Src/stm32f1xx_hal_tim.c.obj
 .text.TIM_OC2_SetConfig
                0x080029dc       0xd4 cmake/stm32cubemx/CMakeFiles/STM32_Drivers.dir/__/__/Drivers/STM32F1xx_HAL_Driver/Src/stm32f1xx_hal_tim.c.obj
                0x080029dc                TIM_OC2_SetConfig
 .text.TIM_OC3_SetConfig
                0x08002ab0       0xd4 cmake/stm32cubemx/CMakeFiles/STM32_Drivers.dir/__/__/Drivers/STM32F1xx_HAL_Driver/Src/stm32f1xx_hal_tim.c.obj
 .text.TIM_OC4_SetConfig
                0x08002b84       0x9c cmake/stm32cubemx/CMakeFiles/STM32_Drivers.dir/__/__/Drivers/STM32F1xx_HAL_Driver/Src/stm32f1xx_hal_tim.c.obj
 .text.TIM_TI1_ConfigInputStage
                0x08002c20       0x5c cmake/stm32cubemx/CMakeFiles/STM32_Drivers.dir/__/__/Drivers/STM32F1xx_HAL_Driver/Src/stm32f1xx_hal_tim.c.obj
 .text.TIM_TI2_ConfigInputStage
                0x08002c7c       0x5e cmake/stm32cubemx/CMakeFiles/STM32_Drivers.dir/__/__/Drivers/STM32F1xx_HAL_Driver/Src/stm32f1xx_hal_tim.c.obj
 .text.TIM_ITRx_SetConfig
                0x08002cda       0x34 cmake/stm32cubemx/CMakeFiles/STM32_Drivers.dir/__/__/Drivers/STM32F1xx_HAL_Driver/Src/stm32f1xx_hal_tim.c.obj
 .text.TIM_ETR_SetConfig
                0x08002d0e       0x3e cmake/stm32cubemx/CMakeFiles/STM32_Drivers.dir/__/__/Drivers/STM32F1xx_HAL_Driver/Src/stm32f1xx_hal_tim.c.obj
                0x08002d0e                TIM_ETR_SetConfig
 .text.TIM_CCxChannelCmd
                0x08002d4c       0x48 cmake/stm32cubemx/CMakeFiles/STM32_Drivers.dir/__/__/Drivers/STM32F1xx_HAL_Driver/Src/stm32f1xx_hal_tim.c.obj
                0x08002d4c                TIM_CCxChannelCmd
 .text.HAL_TIMEx_MasterConfigSynchronization
                0x08002d94       0xbc cmake/stm32cubemx/CMakeFiles/STM32_Drivers.dir/__/__/Drivers/STM32F1xx_HAL_Driver/Src/stm32f1xx_hal_tim_ex.c.obj
                0x08002d94                HAL_TIMEx_MasterConfigSynchronization
 .text.HAL_UART_Init
                0x08002e50       0xa0 cmake/stm32cubemx/CMakeFiles/STM32_Drivers.dir/__/__/Drivers/STM32F1xx_HAL_Driver/Src/stm32f1xx_hal_uart.c.obj
                0x08002e50                HAL_UART_Init
 .text.HAL_UART_Transmit
                0x08002ef0      0x116 cmake/stm32cubemx/CMakeFiles/STM32_Drivers.dir/__/__/Drivers/STM32F1xx_HAL_Driver/Src/stm32f1xx_hal_uart.c.obj
                0x08002ef0                HAL_UART_Transmit
 .text.UART_WaitOnFlagUntilTimeout
                0x08003006       0xb2 cmake/stm32cubemx/CMakeFiles/STM32_Drivers.dir/__/__/Drivers/STM32F1xx_HAL_Driver/Src/stm32f1xx_hal_uart.c.obj
 .text.UART_EndRxTransfer
                0x080030b8       0xc4 cmake/stm32cubemx/CMakeFiles/STM32_Drivers.dir/__/__/Drivers/STM32F1xx_HAL_Driver/Src/stm32f1xx_hal_uart.c.obj
 .text.UART_SetConfig
                0x0800317c      0x11c cmake/stm32cubemx/CMakeFiles/STM32_Drivers.dir/__/__/Drivers/STM32F1xx_HAL_Driver/Src/stm32f1xx_hal_uart.c.obj
 .text._write   0x08003298       0x2c CMakeFiles/ip7_lcd_to_rgb.dir/Core/Src/main.c.obj
                0x08003298                _write
 .text.main     0x080032c4       0x9c CMakeFiles/ip7_lcd_to_rgb.dir/Core/Src/main.c.obj
                0x080032c4                main
 .text.SystemClock_Config
                0x08003360       0x8a CMakeFiles/ip7_lcd_to_rgb.dir/Core/Src/main.c.obj
                0x08003360                SystemClock_Config
 .text.Error_Handler
                0x080033ea        0xc CMakeFiles/ip7_lcd_to_rgb.dir/Core/Src/main.c.obj
                0x080033ea                Error_Handler
 *fill*         0x080033f6        0x2 
 .text.MX_GPIO_Init
                0x080033f8      0x120 CMakeFiles/ip7_lcd_to_rgb.dir/Core/Src/gpio.c.obj
                0x080033f8                MX_GPIO_Init
 .text.MX_DMA_Init
                0x08003518       0x3c CMakeFiles/ip7_lcd_to_rgb.dir/Core/Src/dma.c.obj
                0x08003518                MX_DMA_Init
 .text.MX_SPI1_Init
                0x08003554       0x6c CMakeFiles/ip7_lcd_to_rgb.dir/Core/Src/spi.c.obj
                0x08003554                MX_SPI1_Init
 .text.MX_SPI2_Init
                0x080035c0       0x64 CMakeFiles/ip7_lcd_to_rgb.dir/Core/Src/spi.c.obj
                0x080035c0                MX_SPI2_Init
 .text.HAL_SPI_MspInit
                0x08003624      0x164 CMakeFiles/ip7_lcd_to_rgb.dir/Core/Src/spi.c.obj
                0x08003624                HAL_SPI_MspInit
 .text.MX_TIM3_Init
                0x08003788       0xf0 CMakeFiles/ip7_lcd_to_rgb.dir/Core/Src/tim.c.obj
                0x08003788                MX_TIM3_Init
 .text.HAL_TIM_Base_MspInit
                0x08003878       0x3c CMakeFiles/ip7_lcd_to_rgb.dir/Core/Src/tim.c.obj
                0x08003878                HAL_TIM_Base_MspInit
 .text.HAL_TIM_MspPostInit
                0x080038b4       0x64 CMakeFiles/ip7_lcd_to_rgb.dir/Core/Src/tim.c.obj
                0x080038b4                HAL_TIM_MspPostInit
 .text.MX_USART1_UART_Init
                0x08003918       0x54 CMakeFiles/ip7_lcd_to_rgb.dir/Core/Src/usart.c.obj
                0x08003918                MX_USART1_UART_Init
 .text.HAL_UART_MspInit
                0x0800396c       0x98 CMakeFiles/ip7_lcd_to_rgb.dir/Core/Src/usart.c.obj
                0x0800396c                HAL_UART_MspInit
 .text.NMI_Handler
                0x08003a04        0x8 CMakeFiles/ip7_lcd_to_rgb.dir/Core/Src/stm32f1xx_it.c.obj
                0x08003a04                NMI_Handler
 .text.HardFault_Handler
                0x08003a0c        0x8 CMakeFiles/ip7_lcd_to_rgb.dir/Core/Src/stm32f1xx_it.c.obj
                0x08003a0c                HardFault_Handler
 .text.MemManage_Handler
                0x08003a14        0x8 CMakeFiles/ip7_lcd_to_rgb.dir/Core/Src/stm32f1xx_it.c.obj
                0x08003a14                MemManage_Handler
 .text.BusFault_Handler
                0x08003a1c        0x8 CMakeFiles/ip7_lcd_to_rgb.dir/Core/Src/stm32f1xx_it.c.obj
                0x08003a1c                BusFault_Handler
 .text.UsageFault_Handler
                0x08003a24        0x8 CMakeFiles/ip7_lcd_to_rgb.dir/Core/Src/stm32f1xx_it.c.obj
                0x08003a24                UsageFault_Handler
 .text.SVC_Handler
                0x08003a2c        0xc CMakeFiles/ip7_lcd_to_rgb.dir/Core/Src/stm32f1xx_it.c.obj
                0x08003a2c                SVC_Handler
 .text.DebugMon_Handler
                0x08003a38        0xc CMakeFiles/ip7_lcd_to_rgb.dir/Core/Src/stm32f1xx_it.c.obj
                0x08003a38                DebugMon_Handler
 .text.PendSV_Handler
                0x08003a44        0xc CMakeFiles/ip7_lcd_to_rgb.dir/Core/Src/stm32f1xx_it.c.obj
                0x08003a44                PendSV_Handler
 .text.SysTick_Handler
                0x08003a50        0xc CMakeFiles/ip7_lcd_to_rgb.dir/Core/Src/stm32f1xx_it.c.obj
                0x08003a50                SysTick_Handler
 .text.DMA1_Channel5_IRQHandler
                0x08003a5c       0x14 CMakeFiles/ip7_lcd_to_rgb.dir/Core/Src/stm32f1xx_it.c.obj
                0x08003a5c                DMA1_Channel5_IRQHandler
 .text.HAL_MspInit
                0x08003a70       0x64 CMakeFiles/ip7_lcd_to_rgb.dir/Core/Src/stm32f1xx_hal_msp.c.obj
                0x08003a70                HAL_MspInit
 .text._sbrk    0x08003ad4       0x6c CMakeFiles/ip7_lcd_to_rgb.dir/Core/Src/sysmem.c.obj
                0x08003ad4                _sbrk
 .text._read    0x08003b40       0x3a CMakeFiles/ip7_lcd_to_rgb.dir/Core/Src/syscalls.c.obj
                0x08003b40                _read
 .text._close   0x08003b7a       0x16 CMakeFiles/ip7_lcd_to_rgb.dir/Core/Src/syscalls.c.obj
                0x08003b7a                _close
 .text._fstat   0x08003b90       0x1e CMakeFiles/ip7_lcd_to_rgb.dir/Core/Src/syscalls.c.obj
                0x08003b90                _fstat
 .text._isatty  0x08003bae       0x14 CMakeFiles/ip7_lcd_to_rgb.dir/Core/Src/syscalls.c.obj
                0x08003bae                _isatty
 .text._lseek   0x08003bc2       0x18 CMakeFiles/ip7_lcd_to_rgb.dir/Core/Src/syscalls.c.obj
                0x08003bc2                _lseek
 *fill*         0x08003bda        0x2 
 .text.Reset_Handler
                0x08003bdc       0x48 CMakeFiles/ip7_lcd_to_rgb.dir/startup_stm32f103xb.s.obj
                0x08003bdc                Reset_Handler
 .text.Default_Handler
                0x08003c24        0x2 CMakeFiles/ip7_lcd_to_rgb.dir/startup_stm32f103xb.s.obj
                0x08003c24                RTC_Alarm_IRQHandler
                0x08003c24                EXTI2_IRQHandler
                0x08003c24                TIM1_CC_IRQHandler
                0x08003c24                PVD_IRQHandler
                0x08003c24                EXTI3_IRQHandler
                0x08003c24                EXTI0_IRQHandler
                0x08003c24                I2C2_EV_IRQHandler
                0x08003c24                ADC1_2_IRQHandler
                0x08003c24                SPI1_IRQHandler
                0x08003c24                TAMPER_IRQHandler
                0x08003c24                DMA1_Channel4_IRQHandler
                0x08003c24                USART3_IRQHandler
                0x08003c24                RTC_IRQHandler
                0x08003c24                DMA1_Channel7_IRQHandler
                0x08003c24                CAN1_RX1_IRQHandler
                0x08003c24                TIM4_IRQHandler
                0x08003c24                I2C1_EV_IRQHandler
                0x08003c24                DMA1_Channel6_IRQHandler
                0x08003c24                TIM3_IRQHandler
                0x08003c24                RCC_IRQHandler
                0x08003c24                TIM1_TRG_COM_IRQHandler
                0x08003c24                DMA1_Channel1_IRQHandler
                0x08003c24                Default_Handler
                0x08003c24                EXTI15_10_IRQHandler
                0x08003c24                EXTI9_5_IRQHandler
                0x08003c24                SPI2_IRQHandler
                0x08003c24                EXTI4_IRQHandler
                0x08003c24                USB_LP_CAN1_RX0_IRQHandler
                0x08003c24                USB_HP_CAN1_TX_IRQHandler
                0x08003c24                DMA1_Channel3_IRQHandler
                0x08003c24                TIM1_UP_IRQHandler
                0x08003c24                WWDG_IRQHandler
                0x08003c24                TIM2_IRQHandler
                0x08003c24                TIM1_BRK_IRQHandler
                0x08003c24                EXTI1_IRQHandler
                0x08003c24                USART2_IRQHandler
                0x08003c24                I2C2_ER_IRQHandler
                0x08003c24                DMA1_Channel2_IRQHandler
                0x08003c24                CAN1_SCE_IRQHandler
                0x08003c24                FLASH_IRQHandler
                0x08003c24                USART1_IRQHandler
                0x08003c24                I2C1_ER_IRQHandler
                0x08003c24                USBWakeUp_IRQHandler
 *fill*         0x08003c26        0x2 
 .text.ssd2828_read_reg
                0x08003c28       0x84 CMakeFiles/ip7_lcd_to_rgb.dir/User/ssd2828.c.obj
                0x08003c28                ssd2828_read_reg
 .text.ssd2828_write_reg
                0x08003cac       0xc4 CMakeFiles/ip7_lcd_to_rgb.dir/User/ssd2828.c.obj
                0x08003cac                ssd2828_write_reg
 .text.ssd2828_init
                0x08003d70      0x11c CMakeFiles/ip7_lcd_to_rgb.dir/User/ssd2828.c.obj
                0x08003d70                ssd2828_init
 .text.ip7_touch_spi_tx
                0x08003e8c       0x40 CMakeFiles/ip7_lcd_to_rgb.dir/User/ip7_touch.c.obj
                0x08003e8c                ip7_touch_spi_tx
 .text.ip7_touch_spi_rx
                0x08003ecc       0x40 CMakeFiles/ip7_lcd_to_rgb.dir/User/ip7_touch.c.obj
                0x08003ecc                ip7_touch_spi_rx
 .text.ip7_touch_spi_rx_tx
                0x08003f0c       0x44 CMakeFiles/ip7_lcd_to_rgb.dir/User/ip7_touch.c.obj
                0x08003f0c                ip7_touch_spi_rx_tx
 .text.ip7_touch_init
                0x08003f50       0xb4 CMakeFiles/ip7_lcd_to_rgb.dir/User/ip7_touch.c.obj
                0x08003f50                ip7_touch_init
 .text.ip7_touch_read_data
                0x08004004       0xc4 CMakeFiles/ip7_lcd_to_rgb.dir/User/ip7_touch.c.obj
 .text.ip7_touch_poll
                0x080040c8       0x70 CMakeFiles/ip7_lcd_to_rgb.dir/User/ip7_touch.c.obj
                0x080040c8                ip7_touch_poll
 .text.ip7_touch_validate_packet
                0x08004138       0xd4 CMakeFiles/ip7_lcd_to_rgb.dir/User/ip7_touch.c.obj
 .text.ip7_touch_process_packet
                0x0800420c       0x80 CMakeFiles/ip7_lcd_to_rgb.dir/User/ip7_touch.c.obj
 .text.calc_crc8
                0x0800428c       0x70 CMakeFiles/ip7_lcd_to_rgb.dir/User/ip7_touch.c.obj
 .text.ip7_touch_send_to_host
                0x080042fc      0x1c4 CMakeFiles/ip7_lcd_to_rgb.dir/User/ip7_touch.c.obj
 .text.HAL_SPI_TxCpltCallback
                0x080044c0       0x38 CMakeFiles/ip7_lcd_to_rgb.dir/User/ip7_touch.c.obj
                0x080044c0                HAL_SPI_TxCpltCallback
 .text.std      0x080044f8       0x6c C:/Users/rui/AppData/Local/stm32cube/bundles/gnu-tools-for-stm32/13.3.1+st.9/bin/../lib/gcc/arm-none-eabi/13.3.1/../../../../arm-none-eabi/lib/thumb/v7-m/nofp\libg_nano.a(libc_a-findfp.o)
 .text.stdio_exit_handler
                0x08004564       0x18 C:/Users/rui/AppData/Local/stm32cube/bundles/gnu-tools-for-stm32/13.3.1+st.9/bin/../lib/gcc/arm-none-eabi/13.3.1/../../../../arm-none-eabi/lib/thumb/v7-m/nofp\libg_nano.a(libc_a-findfp.o)
 .text.cleanup_stdio
                0x0800457c       0x40 C:/Users/rui/AppData/Local/stm32cube/bundles/gnu-tools-for-stm32/13.3.1+st.9/bin/../lib/gcc/arm-none-eabi/13.3.1/../../../../arm-none-eabi/lib/thumb/v7-m/nofp\libg_nano.a(libc_a-findfp.o)
 .text.global_stdio_init.part.0
                0x080045bc       0x3c C:/Users/rui/AppData/Local/stm32cube/bundles/gnu-tools-for-stm32/13.3.1+st.9/bin/../lib/gcc/arm-none-eabi/13.3.1/../../../../arm-none-eabi/lib/thumb/v7-m/nofp\libg_nano.a(libc_a-findfp.o)
 .text.__sfp_lock_acquire
                0x080045f8        0xc C:/Users/rui/AppData/Local/stm32cube/bundles/gnu-tools-for-stm32/13.3.1+st.9/bin/../lib/gcc/arm-none-eabi/13.3.1/../../../../arm-none-eabi/lib/thumb/v7-m/nofp\libg_nano.a(libc_a-findfp.o)
                0x080045f8                __sfp_lock_acquire
 .text.__sfp_lock_release
                0x08004604        0xc C:/Users/rui/AppData/Local/stm32cube/bundles/gnu-tools-for-stm32/13.3.1+st.9/bin/../lib/gcc/arm-none-eabi/13.3.1/../../../../arm-none-eabi/lib/thumb/v7-m/nofp\libg_nano.a(libc_a-findfp.o)
                0x08004604                __sfp_lock_release
 .text.__sinit  0x08004610       0x30 C:/Users/rui/AppData/Local/stm32cube/bundles/gnu-tools-for-stm32/13.3.1+st.9/bin/../lib/gcc/arm-none-eabi/13.3.1/../../../../arm-none-eabi/lib/thumb/v7-m/nofp\libg_nano.a(libc_a-findfp.o)
                0x08004610                __sinit
 .text._fwalk_sglue
                0x08004640       0x3c C:/Users/rui/AppData/Local/stm32cube/bundles/gnu-tools-for-stm32/13.3.1+st.9/bin/../lib/gcc/arm-none-eabi/13.3.1/../../../../arm-none-eabi/lib/thumb/v7-m/nofp\libg_nano.a(libc_a-fwalk.o)
                0x08004640                _fwalk_sglue
 .text.printf   0x0800467c       0x24 C:/Users/rui/AppData/Local/stm32cube/bundles/gnu-tools-for-stm32/13.3.1+st.9/bin/../lib/gcc/arm-none-eabi/13.3.1/../../../../arm-none-eabi/lib/thumb/v7-m/nofp\libg_nano.a(libc_a-printf.o)
                0x0800467c                iprintf
                0x0800467c                printf
 .text.putchar  0x080046a0       0x10 C:/Users/rui/AppData/Local/stm32cube/bundles/gnu-tools-for-stm32/13.3.1+st.9/bin/../lib/gcc/arm-none-eabi/13.3.1/../../../../arm-none-eabi/lib/thumb/v7-m/nofp\libg_nano.a(libc_a-putchar.o)
                0x080046a0                putchar
 .text._puts_r  0x080046b0       0xaa C:/Users/rui/AppData/Local/stm32cube/bundles/gnu-tools-for-stm32/13.3.1+st.9/bin/../lib/gcc/arm-none-eabi/13.3.1/../../../../arm-none-eabi/lib/thumb/v7-m/nofp\libg_nano.a(libc_a-puts.o)
                0x080046b0                _puts_r
 *fill*         0x0800475a        0x2 
 .text.puts     0x0800475c       0x10 C:/Users/rui/AppData/Local/stm32cube/bundles/gnu-tools-for-stm32/13.3.1+st.9/bin/../lib/gcc/arm-none-eabi/13.3.1/../../../../arm-none-eabi/lib/thumb/v7-m/nofp\libg_nano.a(libc_a-puts.o)
                0x0800475c                puts
 .text.__sread  0x0800476c       0x22 C:/Users/rui/AppData/Local/stm32cube/bundles/gnu-tools-for-stm32/13.3.1+st.9/bin/../lib/gcc/arm-none-eabi/13.3.1/../../../../arm-none-eabi/lib/thumb/v7-m/nofp\libg_nano.a(libc_a-stdio.o)
                0x0800476c                __sread
 .text.__swrite
                0x0800478e       0x38 C:/Users/rui/AppData/Local/stm32cube/bundles/gnu-tools-for-stm32/13.3.1+st.9/bin/../lib/gcc/arm-none-eabi/13.3.1/../../../../arm-none-eabi/lib/thumb/v7-m/nofp\libg_nano.a(libc_a-stdio.o)
                0x0800478e                __swrite
 .text.__sseek  0x080047c6       0x24 C:/Users/rui/AppData/Local/stm32cube/bundles/gnu-tools-for-stm32/13.3.1+st.9/bin/../lib/gcc/arm-none-eabi/13.3.1/../../../../arm-none-eabi/lib/thumb/v7-m/nofp\libg_nano.a(libc_a-stdio.o)
                0x080047c6                __sseek
 .text.__sclose
                0x080047ea        0x8 C:/Users/rui/AppData/Local/stm32cube/bundles/gnu-tools-for-stm32/13.3.1+st.9/bin/../lib/gcc/arm-none-eabi/13.3.1/../../../../arm-none-eabi/lib/thumb/v7-m/nofp\libg_nano.a(libc_a-stdio.o)
                0x080047ea                __sclose
 .text.__swbuf_r
                0x080047f2       0x7c C:/Users/rui/AppData/Local/stm32cube/bundles/gnu-tools-for-stm32/13.3.1+st.9/bin/../lib/gcc/arm-none-eabi/13.3.1/../../../../arm-none-eabi/lib/thumb/v7-m/nofp\libg_nano.a(libc_a-wbuf.o)
                0x080047f2                __swbuf_r
 *fill*         0x0800486e        0x2 
 .text.__swsetup_r
                0x08004870       0xac C:/Users/rui/AppData/Local/stm32cube/bundles/gnu-tools-for-stm32/13.3.1+st.9/bin/../lib/gcc/arm-none-eabi/13.3.1/../../../../arm-none-eabi/lib/thumb/v7-m/nofp\libg_nano.a(libc_a-wsetup.o)
                0x08004870                __swsetup_r
 .text.memset   0x0800491c       0x10 C:/Users/rui/AppData/Local/stm32cube/bundles/gnu-tools-for-stm32/13.3.1+st.9/bin/../lib/gcc/arm-none-eabi/13.3.1/../../../../arm-none-eabi/lib/thumb/v7-m/nofp\libg_nano.a(libc_a-memset.o)
                0x0800491c                memset
 .text._close_r
                0x0800492c       0x20 C:/Users/rui/AppData/Local/stm32cube/bundles/gnu-tools-for-stm32/13.3.1+st.9/bin/../lib/gcc/arm-none-eabi/13.3.1/../../../../arm-none-eabi/lib/thumb/v7-m/nofp\libg_nano.a(libc_a-closer.o)
                0x0800492c                _close_r
 .text._lseek_r
                0x0800494c       0x24 C:/Users/rui/AppData/Local/stm32cube/bundles/gnu-tools-for-stm32/13.3.1+st.9/bin/../lib/gcc/arm-none-eabi/13.3.1/../../../../arm-none-eabi/lib/thumb/v7-m/nofp\libg_nano.a(libc_a-lseekr.o)
                0x0800494c                _lseek_r
 .text._read_r  0x08004970       0x24 C:/Users/rui/AppData/Local/stm32cube/bundles/gnu-tools-for-stm32/13.3.1+st.9/bin/../lib/gcc/arm-none-eabi/13.3.1/../../../../arm-none-eabi/lib/thumb/v7-m/nofp\libg_nano.a(libc_a-readr.o)
                0x08004970                _read_r
 .text._write_r
                0x08004994       0x24 C:/Users/rui/AppData/Local/stm32cube/bundles/gnu-tools-for-stm32/13.3.1+st.9/bin/../lib/gcc/arm-none-eabi/13.3.1/../../../../arm-none-eabi/lib/thumb/v7-m/nofp\libg_nano.a(libc_a-writer.o)
                0x08004994                _write_r
 .text.__errno  0x080049b8        0xc C:/Users/rui/AppData/Local/stm32cube/bundles/gnu-tools-for-stm32/13.3.1+st.9/bin/../lib/gcc/arm-none-eabi/13.3.1/../../../../arm-none-eabi/lib/thumb/v7-m/nofp\libg_nano.a(libc_a-errno.o)
                0x080049b8                __errno
 .text.__libc_init_array
                0x080049c4       0x48 C:/Users/rui/AppData/Local/stm32cube/bundles/gnu-tools-for-stm32/13.3.1+st.9/bin/../lib/gcc/arm-none-eabi/13.3.1/../../../../arm-none-eabi/lib/thumb/v7-m/nofp\libg_nano.a(libc_a-init.o)
                0x080049c4                __libc_init_array
 .text.__retarget_lock_init_recursive
                0x08004a0c        0x2 C:/Users/rui/AppData/Local/stm32cube/bundles/gnu-tools-for-stm32/13.3.1+st.9/bin/../lib/gcc/arm-none-eabi/13.3.1/../../../../arm-none-eabi/lib/thumb/v7-m/nofp\libg_nano.a(libc_a-lock.o)
                0x08004a0c                __retarget_lock_init_recursive
 .text.__retarget_lock_acquire_recursive
                0x08004a0e        0x2 C:/Users/rui/AppData/Local/stm32cube/bundles/gnu-tools-for-stm32/13.3.1+st.9/bin/../lib/gcc/arm-none-eabi/13.3.1/../../../../arm-none-eabi/lib/thumb/v7-m/nofp\libg_nano.a(libc_a-lock.o)
                0x08004a0e                __retarget_lock_acquire_recursive
 .text.__retarget_lock_release_recursive
                0x08004a10        0x2 C:/Users/rui/AppData/Local/stm32cube/bundles/gnu-tools-for-stm32/13.3.1+st.9/bin/../lib/gcc/arm-none-eabi/13.3.1/../../../../arm-none-eabi/lib/thumb/v7-m/nofp\libg_nano.a(libc_a-lock.o)
                0x08004a10                __retarget_lock_release_recursive
 *fill*         0x08004a12        0x2 
 .text._free_r  0x08004a14       0x90 C:/Users/rui/AppData/Local/stm32cube/bundles/gnu-tools-for-stm32/13.3.1+st.9/bin/../lib/gcc/arm-none-eabi/13.3.1/../../../../arm-none-eabi/lib/thumb/v7-m/nofp\libg_nano.a(libc_a-freer.o)
                0x08004a14                _free_r
 .text.sbrk_aligned
                0x08004aa4       0x44 C:/Users/rui/AppData/Local/stm32cube/bundles/gnu-tools-for-stm32/13.3.1+st.9/bin/../lib/gcc/arm-none-eabi/13.3.1/../../../../arm-none-eabi/lib/thumb/v7-m/nofp\libg_nano.a(libc_a-mallocr.o)
 .text._malloc_r
                0x08004ae8      0x100 C:/Users/rui/AppData/Local/stm32cube/bundles/gnu-tools-for-stm32/13.3.1+st.9/bin/../lib/gcc/arm-none-eabi/13.3.1/../../../../arm-none-eabi/lib/thumb/v7-m/nofp\libg_nano.a(libc_a-mallocr.o)
                0x08004ae8                _malloc_r
 .text.__malloc_lock
                0x08004be8        0xc C:/Users/rui/AppData/Local/stm32cube/bundles/gnu-tools-for-stm32/13.3.1+st.9/bin/../lib/gcc/arm-none-eabi/13.3.1/../../../../arm-none-eabi/lib/thumb/v7-m/nofp\libg_nano.a(libc_a-mlock.o)
                0x08004be8                __malloc_lock
 .text.__malloc_unlock
                0x08004bf4        0xc C:/Users/rui/AppData/Local/stm32cube/bundles/gnu-tools-for-stm32/13.3.1+st.9/bin/../lib/gcc/arm-none-eabi/13.3.1/../../../../arm-none-eabi/lib/thumb/v7-m/nofp\libg_nano.a(libc_a-mlock.o)
                0x08004bf4                __malloc_unlock
 .text.__sfputc_r
                0x08004c00       0x2a C:/Users/rui/AppData/Local/stm32cube/bundles/gnu-tools-for-stm32/13.3.1+st.9/bin/../lib/gcc/arm-none-eabi/13.3.1/../../../../arm-none-eabi/lib/thumb/v7-m/nofp\libg_nano.a(libc_a-nano-vfprintf.o)
 .text.__sfputs_r
                0x08004c2a       0x24 C:/Users/rui/AppData/Local/stm32cube/bundles/gnu-tools-for-stm32/13.3.1+st.9/bin/../lib/gcc/arm-none-eabi/13.3.1/../../../../arm-none-eabi/lib/thumb/v7-m/nofp\libg_nano.a(libc_a-nano-vfprintf.o)
                0x08004c2a                __sfputs_r
 *fill*         0x08004c4e        0x2 
 .text._vfprintf_r
                0x08004c50      0x230 C:/Users/rui/AppData/Local/stm32cube/bundles/gnu-tools-for-stm32/13.3.1+st.9/bin/../lib/gcc/arm-none-eabi/13.3.1/../../../../arm-none-eabi/lib/thumb/v7-m/nofp\libg_nano.a(libc_a-nano-vfprintf.o)
                0x08004c50                _vfprintf_r
                0x08004c50                _vfiprintf_r
 .text._printf_common
                0x08004e80       0xe4 C:/Users/rui/AppData/Local/stm32cube/bundles/gnu-tools-for-stm32/13.3.1+st.9/bin/../lib/gcc/arm-none-eabi/13.3.1/../../../../arm-none-eabi/lib/thumb/v7-m/nofp\libg_nano.a(libc_a-nano-vfprintf_i.o)
                0x08004e80                _printf_common
 .text._printf_i
                0x08004f64      0x23c C:/Users/rui/AppData/Local/stm32cube/bundles/gnu-tools-for-stm32/13.3.1+st.9/bin/../lib/gcc/arm-none-eabi/13.3.1/../../../../arm-none-eabi/lib/thumb/v7-m/nofp\libg_nano.a(libc_a-nano-vfprintf_i.o)
                0x08004f64                _printf_i
 .text.__sflush_r
                0x080051a0      0x100 C:/Users/rui/AppData/Local/stm32cube/bundles/gnu-tools-for-stm32/13.3.1+st.9/bin/../lib/gcc/arm-none-eabi/13.3.1/../../../../arm-none-eabi/lib/thumb/v7-m/nofp\libg_nano.a(libc_a-fflush.o)
                0x080051a0                __sflush_r
 .text._fflush_r
                0x080052a0       0x50 C:/Users/rui/AppData/Local/stm32cube/bundles/gnu-tools-for-stm32/13.3.1+st.9/bin/../lib/gcc/arm-none-eabi/13.3.1/../../../../arm-none-eabi/lib/thumb/v7-m/nofp\libg_nano.a(libc_a-fflush.o)
                0x080052a0                _fflush_r
 .text.__swhatbuf_r
                0x080052f0       0x4a C:/Users/rui/AppData/Local/stm32cube/bundles/gnu-tools-for-stm32/13.3.1+st.9/bin/../lib/gcc/arm-none-eabi/13.3.1/../../../../arm-none-eabi/lib/thumb/v7-m/nofp\libg_nano.a(libc_a-makebuf.o)
                0x080052f0                __swhatbuf_r
 .text.__smakebuf_r
                0x0800533a       0x78 C:/Users/rui/AppData/Local/stm32cube/bundles/gnu-tools-for-stm32/13.3.1+st.9/bin/../lib/gcc/arm-none-eabi/13.3.1/../../../../arm-none-eabi/lib/thumb/v7-m/nofp\libg_nano.a(libc_a-makebuf.o)
                0x0800533a                __smakebuf_r
 .text._putc_r  0x080053b2       0x68 C:/Users/rui/AppData/Local/stm32cube/bundles/gnu-tools-for-stm32/13.3.1+st.9/bin/../lib/gcc/arm-none-eabi/13.3.1/../../../../arm-none-eabi/lib/thumb/v7-m/nofp\libg_nano.a(libc_a-putc.o)
                0x080053b2                _putc_r
 *fill*         0x0800541a        0x2 
 .text._fstat_r
                0x0800541c       0x24 C:/Users/rui/AppData/Local/stm32cube/bundles/gnu-tools-for-stm32/13.3.1+st.9/bin/../lib/gcc/arm-none-eabi/13.3.1/../../../../arm-none-eabi/lib/thumb/v7-m/nofp\libg_nano.a(libc_a-fstatr.o)
                0x0800541c                _fstat_r
 .text._isatty_r
                0x08005440       0x20 C:/Users/rui/AppData/Local/stm32cube/bundles/gnu-tools-for-stm32/13.3.1+st.9/bin/../lib/gcc/arm-none-eabi/13.3.1/../../../../arm-none-eabi/lib/thumb/v7-m/nofp\libg_nano.a(libc_a-isattyr.o)
                0x08005440                _isatty_r
 .text._sbrk_r  0x08005460       0x20 C:/Users/rui/AppData/Local/stm32cube/bundles/gnu-tools-for-stm32/13.3.1+st.9/bin/../lib/gcc/arm-none-eabi/13.3.1/../../../../arm-none-eabi/lib/thumb/v7-m/nofp\libg_nano.a(libc_a-sbrkr.o)
                0x08005460                _sbrk_r
 .text.memchr   0x08005480       0x1c C:/Users/rui/AppData/Local/stm32cube/bundles/gnu-tools-for-stm32/13.3.1+st.9/bin/../lib/gcc/arm-none-eabi/13.3.1/../../../../arm-none-eabi/lib/thumb/v7-m/nofp\libg_nano.a(libc_a-memchr-stub.o)
                0x08005480                memchr
 *(.glue_7)
 .glue_7        0x0800549c        0x0 linker stubs
 *(.glue_7t)
 .glue_7t       0x0800549c        0x0 linker stubs
 *(.eh_frame)
 .eh_frame      0x0800549c        0x0 C:/Users/rui/AppData/Local/stm32cube/bundles/gnu-tools-for-stm32/13.3.1+st.9/bin/../lib/gcc/arm-none-eabi/13.3.1/thumb/v7-m/nofp/crtbegin.o
 *(.init)
 .init          0x0800549c        0x4 C:/Users/rui/AppData/Local/stm32cube/bundles/gnu-tools-for-stm32/13.3.1+st.9/bin/../lib/gcc/arm-none-eabi/13.3.1/thumb/v7-m/nofp/crti.o
                0x0800549c                _init
 .init          0x080054a0        0x8 C:/Users/rui/AppData/Local/stm32cube/bundles/gnu-tools-for-stm32/13.3.1+st.9/bin/../lib/gcc/arm-none-eabi/13.3.1/thumb/v7-m/nofp/crtn.o
 *(.fini)
 .fini          0x080054a8        0x4 C:/Users/rui/AppData/Local/stm32cube/bundles/gnu-tools-for-stm32/13.3.1+st.9/bin/../lib/gcc/arm-none-eabi/13.3.1/thumb/v7-m/nofp/crti.o
                0x080054a8                _fini
 .fini          0x080054ac        0x8 C:/Users/rui/AppData/Local/stm32cube/bundles/gnu-tools-for-stm32/13.3.1+st.9/bin/../lib/gcc/arm-none-eabi/13.3.1/thumb/v7-m/nofp/crtn.o
                0x080054b4                        . = ALIGN (0x4)
                0x080054b4                        _etext = .

.vfp11_veneer   0x080054b4        0x0
 .vfp11_veneer  0x080054b4        0x0 linker stubs

.v4_bx          0x080054b4        0x0
 .v4_bx         0x080054b4        0x0 linker stubs

.iplt           0x080054b4        0x0
 .iplt          0x080054b4        0x0 C:/Users/rui/AppData/Local/stm32cube/bundles/gnu-tools-for-stm32/13.3.1+st.9/bin/../lib/gcc/arm-none-eabi/13.3.1/thumb/v7-m/nofp/crtbegin.o

.rodata         0x080054b4    0x13fc8
                0x080054b4                        . = ALIGN (0x4)
 *(.rodata)
 .rodata        0x080054b4       0x42 CMakeFiles/ip7_lcd_to_rgb.dir/Core/Src/main.c.obj
 *fill*         0x080054f6        0x2 
 .rodata        0x080054f8       0xc6 CMakeFiles/ip7_lcd_to_rgb.dir/User/ssd2828.c.obj
 *fill*         0x080055be        0x2 
 .rodata        0x080055c0      0x150 CMakeFiles/ip7_lcd_to_rgb.dir/User/ip7_touch.c.obj
 *(.rodata*)
 .rodata.AHBPrescTable
                0x08005710       0x10 cmake/stm32cubemx/CMakeFiles/STM32_Drivers.dir/__/__/Core/Src/system_stm32f1xx.c.obj
                0x08005710                AHBPrescTable
 .rodata.APBPrescTable
                0x08005720        0x8 cmake/stm32cubemx/CMakeFiles/STM32_Drivers.dir/__/__/Core/Src/system_stm32f1xx.c.obj
                0x08005720                APBPrescTable
 .rodata.aPLLMULFactorTable.1
                0x08005728       0x10 cmake/stm32cubemx/CMakeFiles/STM32_Drivers.dir/__/__/Drivers/STM32F1xx_HAL_Driver/Src/stm32f1xx_hal_rcc.c.obj
 .rodata.aPredivFactorTable.0
                0x08005738        0x2 cmake/stm32cubemx/CMakeFiles/STM32_Drivers.dir/__/__/Drivers/STM32F1xx_HAL_Driver/Src/stm32f1xx_hal_rcc.c.obj
 *fill*         0x0800573a        0x2 
 .rodata.__compound_literal.0
                0x0800573c        0x4 CMakeFiles/ip7_lcd_to_rgb.dir/User/ip7_touch.c.obj
 .rodata.__compound_literal.1
                0x08005740     0xe770 CMakeFiles/ip7_lcd_to_rgb.dir/User/ip7_touch.c.obj
 .rodata.__compound_literal.2
                0x08013eb0        0x2 CMakeFiles/ip7_lcd_to_rgb.dir/User/ip7_touch.c.obj
 *fill*         0x08013eb2        0x2 
 .rodata.__compound_literal.3
                0x08013eb4     0x42b4 CMakeFiles/ip7_lcd_to_rgb.dir/User/ip7_touch.c.obj
 .rodata.__compound_literal.4
                0x08018168        0x2 CMakeFiles/ip7_lcd_to_rgb.dir/User/ip7_touch.c.obj
 *fill*         0x0801816a        0x2 
 .rodata.__compound_literal.5
                0x0801816c      0x410 CMakeFiles/ip7_lcd_to_rgb.dir/User/ip7_touch.c.obj
 .rodata.__compound_literal.6
                0x0801857c        0x2 CMakeFiles/ip7_lcd_to_rgb.dir/User/ip7_touch.c.obj
 *fill*         0x0801857e        0x2 
 .rodata.__compound_literal.7
                0x08018580      0x3f0 CMakeFiles/ip7_lcd_to_rgb.dir/User/ip7_touch.c.obj
 .rodata.__compound_literal.8
                0x08018970        0x2 CMakeFiles/ip7_lcd_to_rgb.dir/User/ip7_touch.c.obj
 *fill*         0x08018972        0x2 
 .rodata.__compound_literal.9
                0x08018974      0x5d4 CMakeFiles/ip7_lcd_to_rgb.dir/User/ip7_touch.c.obj
 .rodata.__compound_literal.10
                0x08018f48        0x2 CMakeFiles/ip7_lcd_to_rgb.dir/User/ip7_touch.c.obj
 *fill*         0x08018f4a        0x2 
 .rodata.__compound_literal.11
                0x08018f4c       0xe0 CMakeFiles/ip7_lcd_to_rgb.dir/User/ip7_touch.c.obj
 .rodata.__compound_literal.12
                0x0801902c        0x2 CMakeFiles/ip7_lcd_to_rgb.dir/User/ip7_touch.c.obj
 *fill*         0x0801902e        0x2 
 .rodata.__compound_literal.13
                0x08019030       0x10 CMakeFiles/ip7_lcd_to_rgb.dir/User/ip7_touch.c.obj
 .rodata.__compound_literal.14
                0x08019040        0x2 CMakeFiles/ip7_lcd_to_rgb.dir/User/ip7_touch.c.obj
 *fill*         0x08019042        0x2 
 .rodata.__compound_literal.15
                0x08019044       0x10 CMakeFiles/ip7_lcd_to_rgb.dir/User/ip7_touch.c.obj
 .rodata.__compound_literal.16
                0x08019054        0x2 CMakeFiles/ip7_lcd_to_rgb.dir/User/ip7_touch.c.obj
 *fill*         0x08019056        0x2 
 .rodata.__compound_literal.17
                0x08019058       0x10 CMakeFiles/ip7_lcd_to_rgb.dir/User/ip7_touch.c.obj
 .rodata.__compound_literal.18
                0x08019068        0x2 CMakeFiles/ip7_lcd_to_rgb.dir/User/ip7_touch.c.obj
 *fill*         0x0801906a        0x2 
 .rodata.__compound_literal.19
                0x0801906c       0x10 CMakeFiles/ip7_lcd_to_rgb.dir/User/ip7_touch.c.obj
 .rodata.__compound_literal.20
                0x0801907c        0x2 CMakeFiles/ip7_lcd_to_rgb.dir/User/ip7_touch.c.obj
 *fill*         0x0801907e        0x2 
 .rodata.__compound_literal.21
                0x08019080       0x10 CMakeFiles/ip7_lcd_to_rgb.dir/User/ip7_touch.c.obj
 .rodata.__compound_literal.22
                0x08019090        0x2 CMakeFiles/ip7_lcd_to_rgb.dir/User/ip7_touch.c.obj
 *fill*         0x08019092        0x2 
 .rodata.__compound_literal.23
                0x08019094        0x2 CMakeFiles/ip7_lcd_to_rgb.dir/User/ip7_touch.c.obj
 *fill*         0x08019096        0x2 
 .rodata.__compound_literal.24
                0x08019098        0x2 CMakeFiles/ip7_lcd_to_rgb.dir/User/ip7_touch.c.obj
 *fill*         0x0801909a        0x2 
 .rodata.__compound_literal.25
                0x0801909c       0x10 CMakeFiles/ip7_lcd_to_rgb.dir/User/ip7_touch.c.obj
 .rodata.__compound_literal.26
                0x080190ac        0x2 CMakeFiles/ip7_lcd_to_rgb.dir/User/ip7_touch.c.obj
 *fill*         0x080190ae        0x2 
 .rodata.__compound_literal.27
                0x080190b0       0x10 CMakeFiles/ip7_lcd_to_rgb.dir/User/ip7_touch.c.obj
 .rodata.__compound_literal.28
                0x080190c0       0x10 CMakeFiles/ip7_lcd_to_rgb.dir/User/ip7_touch.c.obj
 .rodata.__compound_literal.29
                0x080190d0       0x10 CMakeFiles/ip7_lcd_to_rgb.dir/User/ip7_touch.c.obj
 .rodata.__compound_literal.30
                0x080190e0       0x10 CMakeFiles/ip7_lcd_to_rgb.dir/User/ip7_touch.c.obj
 .rodata.__compound_literal.31
                0x080190f0       0x14 CMakeFiles/ip7_lcd_to_rgb.dir/User/ip7_touch.c.obj
 .rodata.__compound_literal.32
                0x08019104       0x10 CMakeFiles/ip7_lcd_to_rgb.dir/User/ip7_touch.c.obj
 .rodata.__compound_literal.33
                0x08019114       0x10 CMakeFiles/ip7_lcd_to_rgb.dir/User/ip7_touch.c.obj
 .rodata.__compound_literal.34
                0x08019124       0x10 CMakeFiles/ip7_lcd_to_rgb.dir/User/ip7_touch.c.obj
 .rodata.__compound_literal.35
                0x08019134       0x42 CMakeFiles/ip7_lcd_to_rgb.dir/User/ip7_touch.c.obj
 *fill*         0x08019176        0x2 
 .rodata.__compound_literal.36
                0x08019178       0x10 CMakeFiles/ip7_lcd_to_rgb.dir/User/ip7_touch.c.obj
 .rodata.__compound_literal.37
                0x08019188       0x10 CMakeFiles/ip7_lcd_to_rgb.dir/User/ip7_touch.c.obj
 .rodata.__compound_literal.38
                0x08019198       0x10 CMakeFiles/ip7_lcd_to_rgb.dir/User/ip7_touch.c.obj
 .rodata.__compound_literal.39
                0x080191a8       0x15 CMakeFiles/ip7_lcd_to_rgb.dir/User/ip7_touch.c.obj
 *fill*         0x080191bd        0x3 
 .rodata.__compound_literal.40
                0x080191c0       0x10 CMakeFiles/ip7_lcd_to_rgb.dir/User/ip7_touch.c.obj
 .rodata.__compound_literal.41
                0x080191d0       0x10 CMakeFiles/ip7_lcd_to_rgb.dir/User/ip7_touch.c.obj
 .rodata.__compound_literal.42
                0x080191e0       0x10 CMakeFiles/ip7_lcd_to_rgb.dir/User/ip7_touch.c.obj
 .rodata.__compound_literal.43
                0x080191f0       0x10 CMakeFiles/ip7_lcd_to_rgb.dir/User/ip7_touch.c.obj
 .rodata.__compound_literal.44
                0x08019200       0x10 CMakeFiles/ip7_lcd_to_rgb.dir/User/ip7_touch.c.obj
 .rodata.__compound_literal.45
                0x08019210       0x10 CMakeFiles/ip7_lcd_to_rgb.dir/User/ip7_touch.c.obj
 .rodata.touch_init_cmds
                0x08019220      0x228 CMakeFiles/ip7_lcd_to_rgb.dir/User/ip7_touch.c.obj
                0x08019220                touch_init_cmds
 .rodata._vfprintf_r.str1.1
                0x08019448       0x33 C:/Users/rui/AppData/Local/stm32cube/bundles/gnu-tools-for-stm32/13.3.1+st.9/bin/../lib/gcc/arm-none-eabi/13.3.1/../../../../arm-none-eabi/lib/thumb/v7-m/nofp\libg_nano.a(libc_a-nano-vfprintf.o)
                                 0x11 (size before relaxing)
 .rodata._printf_i.str1.1
                0x0801947b        0x0 C:/Users/rui/AppData/Local/stm32cube/bundles/gnu-tools-for-stm32/13.3.1+st.9/bin/../lib/gcc/arm-none-eabi/13.3.1/../../../../arm-none-eabi/lib/thumb/v7-m/nofp\libg_nano.a(libc_a-nano-vfprintf_i.o)
                                 0x22 (size before relaxing)
                0x0801947c                        . = ALIGN (0x4)
 *fill*         0x0801947b        0x1 

.ARM.extab      0x0801947c        0x0
                0x0801947c                        . = ALIGN (0x4)
 *(.ARM.extab* .gnu.linkonce.armextab.*)
                0x0801947c                        . = ALIGN (0x4)

.ARM            0x0801947c        0x0
                0x0801947c                        . = ALIGN (0x4)
                0x0801947c                        __exidx_start = .
 *(.ARM.exidx*)
                0x0801947c                        __exidx_end = .
                0x0801947c                        . = ALIGN (0x4)

.preinit_array  0x0801947c        0x0
                0x0801947c                        . = ALIGN (0x4)
                0x0801947c                        PROVIDE (__preinit_array_start = .)
 *(.preinit_array*)
                0x0801947c                        PROVIDE (__preinit_array_end = .)
                0x0801947c                        . = ALIGN (0x4)

.init_array     0x0801947c        0x4
                0x0801947c                        . = ALIGN (0x4)
                0x0801947c                        PROVIDE (__init_array_start = .)
 *(SORT_BY_NAME(.init_array.*))
 *(.init_array*)
 .init_array    0x0801947c        0x4 C:/Users/rui/AppData/Local/stm32cube/bundles/gnu-tools-for-stm32/13.3.1+st.9/bin/../lib/gcc/arm-none-eabi/13.3.1/thumb/v7-m/nofp/crtbegin.o
                0x08019480                        PROVIDE (__init_array_end = .)
                0x08019480                        . = ALIGN (0x4)

.fini_array     0x08019480        0x4
                0x08019480                        . = ALIGN (0x4)
                [!provide]                        PROVIDE (__fini_array_start = .)
 *(SORT_BY_NAME(.fini_array.*))
 *(.fini_array*)
 .fini_array    0x08019480        0x4 C:/Users/rui/AppData/Local/stm32cube/bundles/gnu-tools-for-stm32/13.3.1+st.9/bin/../lib/gcc/arm-none-eabi/13.3.1/thumb/v7-m/nofp/crtbegin.o
                [!provide]                        PROVIDE (__fini_array_end = .)
                0x08019484                        . = ALIGN (0x4)
                0x08019484                        _sidata = LOADADDR (.data)

.rel.dyn        0x08019484        0x0
 .rel.iplt      0x08019484        0x0 C:/Users/rui/AppData/Local/stm32cube/bundles/gnu-tools-for-stm32/13.3.1+st.9/bin/../lib/gcc/arm-none-eabi/13.3.1/thumb/v7-m/nofp/crtbegin.o

.data           0x20000000       0x68 load address 0x08019484
                0x20000000                        . = ALIGN (0x4)
                0x20000000                        _sdata = .
 *(.data)
 *(.data*)
 .data.SystemCoreClock
                0x20000000        0x4 cmake/stm32cubemx/CMakeFiles/STM32_Drivers.dir/__/__/Core/Src/system_stm32f1xx.c.obj
                0x20000000                SystemCoreClock
 .data.uwTickPrio
                0x20000004        0x4 cmake/stm32cubemx/CMakeFiles/STM32_Drivers.dir/__/__/Drivers/STM32F1xx_HAL_Driver/Src/stm32f1xx_hal.c.obj
                0x20000004                uwTickPrio
 .data.uwTickFreq
                0x20000008        0x1 cmake/stm32cubemx/CMakeFiles/STM32_Drivers.dir/__/__/Drivers/STM32F1xx_HAL_Driver/Src/stm32f1xx_hal.c.obj
                0x20000008                uwTickFreq
 *fill*         0x20000009        0x3 
 .data.__sglue  0x2000000c        0xc C:/Users/rui/AppData/Local/stm32cube/bundles/gnu-tools-for-stm32/13.3.1+st.9/bin/../lib/gcc/arm-none-eabi/13.3.1/../../../../arm-none-eabi/lib/thumb/v7-m/nofp\libg_nano.a(libc_a-findfp.o)
                0x2000000c                __sglue
 .data._impure_ptr
                0x20000018        0x4 C:/Users/rui/AppData/Local/stm32cube/bundles/gnu-tools-for-stm32/13.3.1+st.9/bin/../lib/gcc/arm-none-eabi/13.3.1/../../../../arm-none-eabi/lib/thumb/v7-m/nofp\libg_nano.a(libc_a-impure.o)
                0x20000018                _impure_ptr
 .data._impure_data
                0x2000001c       0x4c C:/Users/rui/AppData/Local/stm32cube/bundles/gnu-tools-for-stm32/13.3.1+st.9/bin/../lib/gcc/arm-none-eabi/13.3.1/../../../../arm-none-eabi/lib/thumb/v7-m/nofp\libg_nano.a(libc_a-impure.o)
                0x2000001c                _impure_data
 *(.RamFunc)
 *(.RamFunc*)
                0x20000068                        . = ALIGN (0x4)

.igot.plt       0x20000068        0x0 load address 0x080194ec
 .igot.plt      0x20000068        0x0 C:/Users/rui/AppData/Local/stm32cube/bundles/gnu-tools-for-stm32/13.3.1+st.9/bin/../lib/gcc/arm-none-eabi/13.3.1/thumb/v7-m/nofp/crtbegin.o

.tdata          0x20000068        0x0 load address 0x080194ec
 *(.tdata .tdata.* .gnu.linkonce.td.*)
                0x20000068                        . = ALIGN (0x4)
                0x20000068                        _edata = .
                [!provide]                        PROVIDE (__data_end = .)
                [!provide]                        PROVIDE (__tdata_end = .)
                [!provide]                        PROVIDE (__tdata_start = ADDR (.tdata))
                [!provide]                        PROVIDE (__tdata_size = (__tdata_end - __tdata_start))
                [!provide]                        PROVIDE (__data_start = ADDR (.data))
                [!provide]                        PROVIDE (__data_size = (__data_end - __data_start))
                [!provide]                        PROVIDE (__tdata_source = LOADADDR (.tdata))
                [!provide]                        PROVIDE (__tdata_source_end = (LOADADDR (.tdata) + SIZEOF (.tdata)))
                [!provide]                        PROVIDE (__tdata_source_size = (__tdata_source_end - __tdata_source))
                [!provide]                        PROVIDE (__data_source = LOADADDR (.data))
                [!provide]                        PROVIDE (__data_source_end = __tdata_source_end)
                [!provide]                        PROVIDE (__data_source_size = (__data_source_end - __data_source))

.tbss           0x20000068        0x0 load address 0x080194ec
                0x20000068                        _sbss = .
                0x20000068                        __bss_start__ = _sbss
 *(.tbss .tbss.*)
                0x20000068                        . = ALIGN (0x4)
                [!provide]                        PROVIDE (__tbss_end = .)
                [!provide]                        PROVIDE (__tbss_start = ADDR (.tbss))
                [!provide]                        PROVIDE (__tbss_size = (__tbss_end - __tbss_start))
                [!provide]                        PROVIDE (__tbss_offset = (ADDR (.tbss) - ADDR (.tdata)))
                [!provide]                        PROVIDE (__tls_base = __tdata_start)
                [!provide]                        PROVIDE (__tls_end = __tbss_end)
                [!provide]                        PROVIDE (__tls_size = (__tls_end - __tls_base))
                [!provide]                        PROVIDE (__tls_align = MAX (ALIGNOF (.tdata), ALIGNOF (.tbss)))
                [!provide]                        PROVIDE (__tls_size_align = (((__tls_size + __tls_align) - 0x1) & ~ ((__tls_align - 0x1))))
                [!provide]                        PROVIDE (__arm32_tls_tcb_offset = MAX (0x8, __tls_align))
                [!provide]                        PROVIDE (__arm64_tls_tcb_offset = MAX (0x10, __tls_align))

.bss            0x20000068      0x4b4 load address 0x080194ec
 *(.bss)
 .bss           0x20000068       0x1c C:/Users/rui/AppData/Local/stm32cube/bundles/gnu-tools-for-stm32/13.3.1+st.9/bin/../lib/gcc/arm-none-eabi/13.3.1/thumb/v7-m/nofp/crtbegin.o
 *(.bss*)
 .bss.uwTick    0x20000084        0x4 cmake/stm32cubemx/CMakeFiles/STM32_Drivers.dir/__/__/Drivers/STM32F1xx_HAL_Driver/Src/stm32f1xx_hal.c.obj
                0x20000084                uwTick
 .bss.hspi1     0x20000088       0x58 CMakeFiles/ip7_lcd_to_rgb.dir/Core/Src/spi.c.obj
                0x20000088                hspi1
 .bss.hspi2     0x200000e0       0x58 CMakeFiles/ip7_lcd_to_rgb.dir/Core/Src/spi.c.obj
                0x200000e0                hspi2
 .bss.hdma_spi2_tx
                0x20000138       0x44 CMakeFiles/ip7_lcd_to_rgb.dir/Core/Src/spi.c.obj
                0x20000138                hdma_spi2_tx
 .bss.htim3     0x2000017c       0x48 CMakeFiles/ip7_lcd_to_rgb.dir/Core/Src/tim.c.obj
                0x2000017c                htim3
 .bss.huart1    0x200001c4       0x48 CMakeFiles/ip7_lcd_to_rgb.dir/Core/Src/usart.c.obj
                0x200001c4                huart1
 .bss.__sbrk_heap_end
                0x2000020c        0x4 CMakeFiles/ip7_lcd_to_rgb.dir/Core/Src/sysmem.c.obj
 .bss.read_serid
                0x20000210        0x4 CMakeFiles/ip7_lcd_to_rgb.dir/User/ip7_touch.c.obj
                0x20000210                read_serid
 .bss.spi_buffer
                0x20000214      0x190 CMakeFiles/ip7_lcd_to_rgb.dir/User/ip7_touch.c.obj
                0x20000214                spi_buffer
 .bss.uplink_buffer
                0x200003a4       0x28 CMakeFiles/ip7_lcd_to_rgb.dir/User/ip7_touch.c.obj
 .bss.transfer_busy
                0x200003cc        0x1 CMakeFiles/ip7_lcd_to_rgb.dir/User/ip7_touch.c.obj
 .bss.waiting_int_release.1
                0x200003cd        0x1 CMakeFiles/ip7_lcd_to_rgb.dir/User/ip7_touch.c.obj
 .bss.type_toggle.0
                0x200003ce        0x1 CMakeFiles/ip7_lcd_to_rgb.dir/User/ip7_touch.c.obj
 *fill*         0x200003cf        0x1 
 .bss.__sf      0x200003d0      0x138 C:/Users/rui/AppData/Local/stm32cube/bundles/gnu-tools-for-stm32/13.3.1+st.9/bin/../lib/gcc/arm-none-eabi/13.3.1/../../../../arm-none-eabi/lib/thumb/v7-m/nofp\libg_nano.a(libc_a-findfp.o)
                0x200003d0                __sf
 .bss.__stdio_exit_handler
                0x20000508        0x4 C:/Users/rui/AppData/Local/stm32cube/bundles/gnu-tools-for-stm32/13.3.1+st.9/bin/../lib/gcc/arm-none-eabi/13.3.1/../../../../arm-none-eabi/lib/thumb/v7-m/nofp\libg_nano.a(libc_a-findfp.o)
                0x20000508                __stdio_exit_handler
 .bss.errno     0x2000050c        0x4 C:/Users/rui/AppData/Local/stm32cube/bundles/gnu-tools-for-stm32/13.3.1+st.9/bin/../lib/gcc/arm-none-eabi/13.3.1/../../../../arm-none-eabi/lib/thumb/v7-m/nofp\libg_nano.a(libc_a-reent.o)
                0x2000050c                errno
 .bss.__lock___malloc_recursive_mutex
                0x20000510        0x1 C:/Users/rui/AppData/Local/stm32cube/bundles/gnu-tools-for-stm32/13.3.1+st.9/bin/../lib/gcc/arm-none-eabi/13.3.1/../../../../arm-none-eabi/lib/thumb/v7-m/nofp\libg_nano.a(libc_a-lock.o)
                0x20000510                __lock___malloc_recursive_mutex
 .bss.__lock___sfp_recursive_mutex
                0x20000511        0x1 C:/Users/rui/AppData/Local/stm32cube/bundles/gnu-tools-for-stm32/13.3.1+st.9/bin/../lib/gcc/arm-none-eabi/13.3.1/../../../../arm-none-eabi/lib/thumb/v7-m/nofp\libg_nano.a(libc_a-lock.o)
                0x20000511                __lock___sfp_recursive_mutex
 *fill*         0x20000512        0x2 
 .bss.__malloc_sbrk_start
                0x20000514        0x4 C:/Users/rui/AppData/Local/stm32cube/bundles/gnu-tools-for-stm32/13.3.1+st.9/bin/../lib/gcc/arm-none-eabi/13.3.1/../../../../arm-none-eabi/lib/thumb/v7-m/nofp\libg_nano.a(libc_a-mallocr.o)
                0x20000514                __malloc_sbrk_start
 .bss.__malloc_free_list
                0x20000518        0x4 C:/Users/rui/AppData/Local/stm32cube/bundles/gnu-tools-for-stm32/13.3.1+st.9/bin/../lib/gcc/arm-none-eabi/13.3.1/../../../../arm-none-eabi/lib/thumb/v7-m/nofp\libg_nano.a(libc_a-mallocr.o)
                0x20000518                __malloc_free_list
 *(COMMON)
                0x2000051c                        . = ALIGN (0x4)
                0x2000051c                        _ebss = .
                0x2000051c                        __bss_end__ = _ebss
                [!provide]                        PROVIDE (__bss_end = .)
                [!provide]                        PROVIDE (__non_tls_bss_start = ADDR (.bss))
                [!provide]                        PROVIDE (__bss_start = __tbss_start)
                [!provide]                        PROVIDE (__bss_size = (__bss_end - __bss_start))

._user_heap_stack
                0x2000051c      0x604 load address 0x080194ec
                0x20000520                        . = ALIGN (0x8)
 *fill*         0x2000051c        0x4 
                [!provide]                        PROVIDE (end = .)
                0x20000520                        PROVIDE (_end = .)
                0x20000720                        . = (. + _Min_Heap_Size)
 *fill*         0x20000520      0x200 
                0x20000b20                        . = (. + _Min_Stack_Size)
 *fill*         0x20000720      0x400 
                0x20000b20                        . = ALIGN (0x8)

/DISCARD/
 libc.a:*(*)
 libm.a:*(*)
 libgcc.a:*(*)
OUTPUT(ip7_lcd_to_rgb.elf elf32-littlearm)
LOAD linker stubs

.ARM.attributes
                0x00000000       0x29
 .ARM.attributes
                0x00000000       0x1d C:/Users/rui/AppData/Local/stm32cube/bundles/gnu-tools-for-stm32/13.3.1+st.9/bin/../lib/gcc/arm-none-eabi/13.3.1/thumb/v7-m/nofp/crti.o
 .ARM.attributes
                0x0000001d       0x2d C:/Users/rui/AppData/Local/stm32cube/bundles/gnu-tools-for-stm32/13.3.1+st.9/bin/../lib/gcc/arm-none-eabi/13.3.1/thumb/v7-m/nofp/crtbegin.o
 .ARM.attributes
                0x0000004a       0x2d cmake/stm32cubemx/CMakeFiles/STM32_Drivers.dir/__/__/Core/Src/system_stm32f1xx.c.obj
 .ARM.attributes
                0x00000077       0x2d cmake/stm32cubemx/CMakeFiles/STM32_Drivers.dir/__/__/Drivers/STM32F1xx_HAL_Driver/Src/stm32f1xx_hal_spi.c.obj
 .ARM.attributes
                0x000000a4       0x2d cmake/stm32cubemx/CMakeFiles/STM32_Drivers.dir/__/__/Drivers/STM32F1xx_HAL_Driver/Src/stm32f1xx_hal.c.obj
 .ARM.attributes
                0x000000d1       0x2d cmake/stm32cubemx/CMakeFiles/STM32_Drivers.dir/__/__/Drivers/STM32F1xx_HAL_Driver/Src/stm32f1xx_hal_rcc.c.obj
 .ARM.attributes
                0x000000fe       0x2d cmake/stm32cubemx/CMakeFiles/STM32_Drivers.dir/__/__/Drivers/STM32F1xx_HAL_Driver/Src/stm32f1xx_hal_gpio.c.obj
 .ARM.attributes
                0x0000012b       0x2d cmake/stm32cubemx/CMakeFiles/STM32_Drivers.dir/__/__/Drivers/STM32F1xx_HAL_Driver/Src/stm32f1xx_hal_dma.c.obj
 .ARM.attributes
                0x00000158       0x2d cmake/stm32cubemx/CMakeFiles/STM32_Drivers.dir/__/__/Drivers/STM32F1xx_HAL_Driver/Src/stm32f1xx_hal_cortex.c.obj
 .ARM.attributes
                0x00000185       0x2d cmake/stm32cubemx/CMakeFiles/STM32_Drivers.dir/__/__/Drivers/STM32F1xx_HAL_Driver/Src/stm32f1xx_hal_tim.c.obj
 .ARM.attributes
                0x000001b2       0x2d cmake/stm32cubemx/CMakeFiles/STM32_Drivers.dir/__/__/Drivers/STM32F1xx_HAL_Driver/Src/stm32f1xx_hal_tim_ex.c.obj
 .ARM.attributes
                0x000001df       0x2d cmake/stm32cubemx/CMakeFiles/STM32_Drivers.dir/__/__/Drivers/STM32F1xx_HAL_Driver/Src/stm32f1xx_hal_uart.c.obj
 .ARM.attributes
                0x0000020c       0x2d CMakeFiles/ip7_lcd_to_rgb.dir/Core/Src/main.c.obj
 .ARM.attributes
                0x00000239       0x2d CMakeFiles/ip7_lcd_to_rgb.dir/Core/Src/gpio.c.obj
 .ARM.attributes
                0x00000266       0x2d CMakeFiles/ip7_lcd_to_rgb.dir/Core/Src/dma.c.obj
 .ARM.attributes
                0x00000293       0x2d CMakeFiles/ip7_lcd_to_rgb.dir/Core/Src/spi.c.obj
 .ARM.attributes
                0x000002c0       0x2d CMakeFiles/ip7_lcd_to_rgb.dir/Core/Src/tim.c.obj
 .ARM.attributes
                0x000002ed       0x2d CMakeFiles/ip7_lcd_to_rgb.dir/Core/Src/usart.c.obj
 .ARM.attributes
                0x0000031a       0x2d CMakeFiles/ip7_lcd_to_rgb.dir/Core/Src/stm32f1xx_it.c.obj
 .ARM.attributes
                0x00000347       0x2d CMakeFiles/ip7_lcd_to_rgb.dir/Core/Src/stm32f1xx_hal_msp.c.obj
 .ARM.attributes
                0x00000374       0x2d CMakeFiles/ip7_lcd_to_rgb.dir/Core/Src/sysmem.c.obj
 .ARM.attributes
                0x000003a1       0x2d CMakeFiles/ip7_lcd_to_rgb.dir/Core/Src/syscalls.c.obj
 .ARM.attributes
                0x000003ce       0x21 CMakeFiles/ip7_lcd_to_rgb.dir/startup_stm32f103xb.s.obj
 .ARM.attributes
                0x000003ef       0x2d CMakeFiles/ip7_lcd_to_rgb.dir/User/ssd2828.c.obj
 .ARM.attributes
                0x0000041c       0x2d CMakeFiles/ip7_lcd_to_rgb.dir/User/ip7_touch.c.obj
 .ARM.attributes
                0x00000449       0x2d C:/Users/rui/AppData/Local/stm32cube/bundles/gnu-tools-for-stm32/13.3.1+st.9/bin/../lib/gcc/arm-none-eabi/13.3.1/../../../../arm-none-eabi/lib/thumb/v7-m/nofp\libg_nano.a(libc_a-findfp.o)
 .ARM.attributes
                0x00000476       0x2d C:/Users/rui/AppData/Local/stm32cube/bundles/gnu-tools-for-stm32/13.3.1+st.9/bin/../lib/gcc/arm-none-eabi/13.3.1/../../../../arm-none-eabi/lib/thumb/v7-m/nofp\libg_nano.a(libc_a-fwalk.o)
 .ARM.attributes
                0x000004a3       0x2d C:/Users/rui/AppData/Local/stm32cube/bundles/gnu-tools-for-stm32/13.3.1+st.9/bin/../lib/gcc/arm-none-eabi/13.3.1/../../../../arm-none-eabi/lib/thumb/v7-m/nofp\libg_nano.a(libc_a-printf.o)
 .ARM.attributes
                0x000004d0       0x2d C:/Users/rui/AppData/Local/stm32cube/bundles/gnu-tools-for-stm32/13.3.1+st.9/bin/../lib/gcc/arm-none-eabi/13.3.1/../../../../arm-none-eabi/lib/thumb/v7-m/nofp\libg_nano.a(libc_a-putchar.o)
 .ARM.attributes
                0x000004fd       0x2d C:/Users/rui/AppData/Local/stm32cube/bundles/gnu-tools-for-stm32/13.3.1+st.9/bin/../lib/gcc/arm-none-eabi/13.3.1/../../../../arm-none-eabi/lib/thumb/v7-m/nofp\libg_nano.a(libc_a-puts.o)
 .ARM.attributes
                0x0000052a       0x2d C:/Users/rui/AppData/Local/stm32cube/bundles/gnu-tools-for-stm32/13.3.1+st.9/bin/../lib/gcc/arm-none-eabi/13.3.1/../../../../arm-none-eabi/lib/thumb/v7-m/nofp\libg_nano.a(libc_a-stdio.o)
 .ARM.attributes
                0x00000557       0x2d C:/Users/rui/AppData/Local/stm32cube/bundles/gnu-tools-for-stm32/13.3.1+st.9/bin/../lib/gcc/arm-none-eabi/13.3.1/../../../../arm-none-eabi/lib/thumb/v7-m/nofp\libg_nano.a(libc_a-wbuf.o)
 .ARM.attributes
                0x00000584       0x2d C:/Users/rui/AppData/Local/stm32cube/bundles/gnu-tools-for-stm32/13.3.1+st.9/bin/../lib/gcc/arm-none-eabi/13.3.1/../../../../arm-none-eabi/lib/thumb/v7-m/nofp\libg_nano.a(libc_a-wsetup.o)
 .ARM.attributes
                0x000005b1       0x2d C:/Users/rui/AppData/Local/stm32cube/bundles/gnu-tools-for-stm32/13.3.1+st.9/bin/../lib/gcc/arm-none-eabi/13.3.1/../../../../arm-none-eabi/lib/thumb/v7-m/nofp\libg_nano.a(libc_a-memset.o)
 .ARM.attributes
                0x000005de       0x2d C:/Users/rui/AppData/Local/stm32cube/bundles/gnu-tools-for-stm32/13.3.1+st.9/bin/../lib/gcc/arm-none-eabi/13.3.1/../../../../arm-none-eabi/lib/thumb/v7-m/nofp\libg_nano.a(libc_a-closer.o)
 .ARM.attributes
                0x0000060b       0x2d C:/Users/rui/AppData/Local/stm32cube/bundles/gnu-tools-for-stm32/13.3.1+st.9/bin/../lib/gcc/arm-none-eabi/13.3.1/../../../../arm-none-eabi/lib/thumb/v7-m/nofp\libg_nano.a(libc_a-reent.o)
 .ARM.attributes
                0x00000638       0x2d C:/Users/rui/AppData/Local/stm32cube/bundles/gnu-tools-for-stm32/13.3.1+st.9/bin/../lib/gcc/arm-none-eabi/13.3.1/../../../../arm-none-eabi/lib/thumb/v7-m/nofp\libg_nano.a(libc_a-impure.o)
 .ARM.attributes
                0x00000665       0x2d C:/Users/rui/AppData/Local/stm32cube/bundles/gnu-tools-for-stm32/13.3.1+st.9/bin/../lib/gcc/arm-none-eabi/13.3.1/../../../../arm-none-eabi/lib/thumb/v7-m/nofp\libg_nano.a(libc_a-lseekr.o)
 .ARM.attributes
                0x00000692       0x2d C:/Users/rui/AppData/Local/stm32cube/bundles/gnu-tools-for-stm32/13.3.1+st.9/bin/../lib/gcc/arm-none-eabi/13.3.1/../../../../arm-none-eabi/lib/thumb/v7-m/nofp\libg_nano.a(libc_a-readr.o)
 .ARM.attributes
                0x000006bf       0x2d C:/Users/rui/AppData/Local/stm32cube/bundles/gnu-tools-for-stm32/13.3.1+st.9/bin/../lib/gcc/arm-none-eabi/13.3.1/../../../../arm-none-eabi/lib/thumb/v7-m/nofp\libg_nano.a(libc_a-writer.o)
 .ARM.attributes
                0x000006ec       0x2d C:/Users/rui/AppData/Local/stm32cube/bundles/gnu-tools-for-stm32/13.3.1+st.9/bin/../lib/gcc/arm-none-eabi/13.3.1/../../../../arm-none-eabi/lib/thumb/v7-m/nofp\libg_nano.a(libc_a-errno.o)
 .ARM.attributes
                0x00000719       0x2d C:/Users/rui/AppData/Local/stm32cube/bundles/gnu-tools-for-stm32/13.3.1+st.9/bin/../lib/gcc/arm-none-eabi/13.3.1/../../../../arm-none-eabi/lib/thumb/v7-m/nofp\libg_nano.a(libc_a-init.o)
 .ARM.attributes
                0x00000746       0x2d C:/Users/rui/AppData/Local/stm32cube/bundles/gnu-tools-for-stm32/13.3.1+st.9/bin/../lib/gcc/arm-none-eabi/13.3.1/../../../../arm-none-eabi/lib/thumb/v7-m/nofp\libg_nano.a(libc_a-lock.o)
 .ARM.attributes
                0x00000773       0x2d C:/Users/rui/AppData/Local/stm32cube/bundles/gnu-tools-for-stm32/13.3.1+st.9/bin/../lib/gcc/arm-none-eabi/13.3.1/../../../../arm-none-eabi/lib/thumb/v7-m/nofp\libg_nano.a(libc_a-freer.o)
 .ARM.attributes
                0x000007a0       0x2d C:/Users/rui/AppData/Local/stm32cube/bundles/gnu-tools-for-stm32/13.3.1+st.9/bin/../lib/gcc/arm-none-eabi/13.3.1/../../../../arm-none-eabi/lib/thumb/v7-m/nofp\libg_nano.a(libc_a-mallocr.o)
 .ARM.attributes
                0x000007cd       0x2d C:/Users/rui/AppData/Local/stm32cube/bundles/gnu-tools-for-stm32/13.3.1+st.9/bin/../lib/gcc/arm-none-eabi/13.3.1/../../../../arm-none-eabi/lib/thumb/v7-m/nofp\libg_nano.a(libc_a-mlock.o)
 .ARM.attributes
                0x000007fa       0x2d C:/Users/rui/AppData/Local/stm32cube/bundles/gnu-tools-for-stm32/13.3.1+st.9/bin/../lib/gcc/arm-none-eabi/13.3.1/../../../../arm-none-eabi/lib/thumb/v7-m/nofp\libg_nano.a(libc_a-nano-vfprintf.o)
 .ARM.attributes
                0x00000827       0x2d C:/Users/rui/AppData/Local/stm32cube/bundles/gnu-tools-for-stm32/13.3.1+st.9/bin/../lib/gcc/arm-none-eabi/13.3.1/../../../../arm-none-eabi/lib/thumb/v7-m/nofp\libg_nano.a(libc_a-nano-vfprintf_i.o)
 .ARM.attributes
                0x00000854       0x2d C:/Users/rui/AppData/Local/stm32cube/bundles/gnu-tools-for-stm32/13.3.1+st.9/bin/../lib/gcc/arm-none-eabi/13.3.1/../../../../arm-none-eabi/lib/thumb/v7-m/nofp\libg_nano.a(libc_a-fflush.o)
 .ARM.attributes
                0x00000881       0x2d C:/Users/rui/AppData/Local/stm32cube/bundles/gnu-tools-for-stm32/13.3.1+st.9/bin/../lib/gcc/arm-none-eabi/13.3.1/../../../../arm-none-eabi/lib/thumb/v7-m/nofp\libg_nano.a(libc_a-makebuf.o)
 .ARM.attributes
                0x000008ae       0x2d C:/Users/rui/AppData/Local/stm32cube/bundles/gnu-tools-for-stm32/13.3.1+st.9/bin/../lib/gcc/arm-none-eabi/13.3.1/../../../../arm-none-eabi/lib/thumb/v7-m/nofp\libg_nano.a(libc_a-putc.o)
 .ARM.attributes
                0x000008db       0x2d C:/Users/rui/AppData/Local/stm32cube/bundles/gnu-tools-for-stm32/13.3.1+st.9/bin/../lib/gcc/arm-none-eabi/13.3.1/../../../../arm-none-eabi/lib/thumb/v7-m/nofp\libg_nano.a(libc_a-fstatr.o)
 .ARM.attributes
                0x00000908       0x2d C:/Users/rui/AppData/Local/stm32cube/bundles/gnu-tools-for-stm32/13.3.1+st.9/bin/../lib/gcc/arm-none-eabi/13.3.1/../../../../arm-none-eabi/lib/thumb/v7-m/nofp\libg_nano.a(libc_a-isattyr.o)
 .ARM.attributes
                0x00000935       0x2d C:/Users/rui/AppData/Local/stm32cube/bundles/gnu-tools-for-stm32/13.3.1+st.9/bin/../lib/gcc/arm-none-eabi/13.3.1/../../../../arm-none-eabi/lib/thumb/v7-m/nofp\libg_nano.a(libc_a-sbrkr.o)
 .ARM.attributes
                0x00000962       0x2d C:/Users/rui/AppData/Local/stm32cube/bundles/gnu-tools-for-stm32/13.3.1+st.9/bin/../lib/gcc/arm-none-eabi/13.3.1/../../../../arm-none-eabi/lib/thumb/v7-m/nofp\libg_nano.a(libc_a-memchr-stub.o)
 .ARM.attributes
                0x0000098f       0x1d C:/Users/rui/AppData/Local/stm32cube/bundles/gnu-tools-for-stm32/13.3.1+st.9/bin/../lib/gcc/arm-none-eabi/13.3.1/thumb/v7-m/nofp/crtn.o

.comment        0x00000000       0x43
 .comment       0x00000000       0x43 cmake/stm32cubemx/CMakeFiles/STM32_Drivers.dir/__/__/Core/Src/system_stm32f1xx.c.obj
                                 0x44 (size before relaxing)
 .comment       0x00000043        0x0 cmake/stm32cubemx/CMakeFiles/STM32_Drivers.dir/__/__/Drivers/STM32F1xx_HAL_Driver/Src/stm32f1xx_hal_spi.c.obj
                                 0x44 (size before relaxing)
 .comment       0x00000043        0x0 cmake/stm32cubemx/CMakeFiles/STM32_Drivers.dir/__/__/Drivers/STM32F1xx_HAL_Driver/Src/stm32f1xx_hal.c.obj
                                 0x44 (size before relaxing)
 .comment       0x00000043        0x0 cmake/stm32cubemx/CMakeFiles/STM32_Drivers.dir/__/__/Drivers/STM32F1xx_HAL_Driver/Src/stm32f1xx_hal_rcc.c.obj
                                 0x44 (size before relaxing)
 .comment       0x00000043        0x0 cmake/stm32cubemx/CMakeFiles/STM32_Drivers.dir/__/__/Drivers/STM32F1xx_HAL_Driver/Src/stm32f1xx_hal_gpio.c.obj
                                 0x44 (size before relaxing)
 .comment       0x00000043        0x0 cmake/stm32cubemx/CMakeFiles/STM32_Drivers.dir/__/__/Drivers/STM32F1xx_HAL_Driver/Src/stm32f1xx_hal_dma.c.obj
                                 0x44 (size before relaxing)
 .comment       0x00000043        0x0 cmake/stm32cubemx/CMakeFiles/STM32_Drivers.dir/__/__/Drivers/STM32F1xx_HAL_Driver/Src/stm32f1xx_hal_cortex.c.obj
                                 0x44 (size before relaxing)
 .comment       0x00000043        0x0 cmake/stm32cubemx/CMakeFiles/STM32_Drivers.dir/__/__/Drivers/STM32F1xx_HAL_Driver/Src/stm32f1xx_hal_tim.c.obj
                                 0x44 (size before relaxing)
 .comment       0x00000043        0x0 cmake/stm32cubemx/CMakeFiles/STM32_Drivers.dir/__/__/Drivers/STM32F1xx_HAL_Driver/Src/stm32f1xx_hal_tim_ex.c.obj
                                 0x44 (size before relaxing)
 .comment       0x00000043        0x0 cmake/stm32cubemx/CMakeFiles/STM32_Drivers.dir/__/__/Drivers/STM32F1xx_HAL_Driver/Src/stm32f1xx_hal_uart.c.obj
                                 0x44 (size before relaxing)
 .comment       0x00000043        0x0 CMakeFiles/ip7_lcd_to_rgb.dir/Core/Src/main.c.obj
                                 0x44 (size before relaxing)
 .comment       0x00000043        0x0 CMakeFiles/ip7_lcd_to_rgb.dir/Core/Src/gpio.c.obj
                                 0x44 (size before relaxing)
 .comment       0x00000043        0x0 CMakeFiles/ip7_lcd_to_rgb.dir/Core/Src/dma.c.obj
                                 0x44 (size before relaxing)
 .comment       0x00000043        0x0 CMakeFiles/ip7_lcd_to_rgb.dir/Core/Src/spi.c.obj
                                 0x44 (size before relaxing)
 .comment       0x00000043        0x0 CMakeFiles/ip7_lcd_to_rgb.dir/Core/Src/tim.c.obj
                                 0x44 (size before relaxing)
 .comment       0x00000043        0x0 CMakeFiles/ip7_lcd_to_rgb.dir/Core/Src/usart.c.obj
                                 0x44 (size before relaxing)
 .comment       0x00000043        0x0 CMakeFiles/ip7_lcd_to_rgb.dir/Core/Src/stm32f1xx_it.c.obj
                                 0x44 (size before relaxing)
 .comment       0x00000043        0x0 CMakeFiles/ip7_lcd_to_rgb.dir/Core/Src/stm32f1xx_hal_msp.c.obj
                                 0x44 (size before relaxing)
 .comment       0x00000043        0x0 CMakeFiles/ip7_lcd_to_rgb.dir/Core/Src/sysmem.c.obj
                                 0x44 (size before relaxing)
 .comment       0x00000043        0x0 CMakeFiles/ip7_lcd_to_rgb.dir/Core/Src/syscalls.c.obj
                                 0x44 (size before relaxing)
 .comment       0x00000043        0x0 CMakeFiles/ip7_lcd_to_rgb.dir/User/ssd2828.c.obj
                                 0x44 (size before relaxing)
 .comment       0x00000043        0x0 CMakeFiles/ip7_lcd_to_rgb.dir/User/ip7_touch.c.obj
                                 0x44 (size before relaxing)
 .comment       0x00000043        0x0 C:/Users/rui/AppData/Local/stm32cube/bundles/gnu-tools-for-stm32/13.3.1+st.9/bin/../lib/gcc/arm-none-eabi/13.3.1/../../../../arm-none-eabi/lib/thumb/v7-m/nofp\libg_nano.a(libc_a-findfp.o)
                                 0x44 (size before relaxing)
 .comment       0x00000043        0x0 C:/Users/rui/AppData/Local/stm32cube/bundles/gnu-tools-for-stm32/13.3.1+st.9/bin/../lib/gcc/arm-none-eabi/13.3.1/../../../../arm-none-eabi/lib/thumb/v7-m/nofp\libg_nano.a(libc_a-fwalk.o)
                                 0x44 (size before relaxing)
 .comment       0x00000043        0x0 C:/Users/rui/AppData/Local/stm32cube/bundles/gnu-tools-for-stm32/13.3.1+st.9/bin/../lib/gcc/arm-none-eabi/13.3.1/../../../../arm-none-eabi/lib/thumb/v7-m/nofp\libg_nano.a(libc_a-printf.o)
                                 0x44 (size before relaxing)
 .comment       0x00000043        0x0 C:/Users/rui/AppData/Local/stm32cube/bundles/gnu-tools-for-stm32/13.3.1+st.9/bin/../lib/gcc/arm-none-eabi/13.3.1/../../../../arm-none-eabi/lib/thumb/v7-m/nofp\libg_nano.a(libc_a-putchar.o)
                                 0x44 (size before relaxing)
 .comment       0x00000043        0x0 C:/Users/rui/AppData/Local/stm32cube/bundles/gnu-tools-for-stm32/13.3.1+st.9/bin/../lib/gcc/arm-none-eabi/13.3.1/../../../../arm-none-eabi/lib/thumb/v7-m/nofp\libg_nano.a(libc_a-puts.o)
                                 0x44 (size before relaxing)
 .comment       0x00000043        0x0 C:/Users/rui/AppData/Local/stm32cube/bundles/gnu-tools-for-stm32/13.3.1+st.9/bin/../lib/gcc/arm-none-eabi/13.3.1/../../../../arm-none-eabi/lib/thumb/v7-m/nofp\libg_nano.a(libc_a-stdio.o)
                                 0x44 (size before relaxing)
 .comment       0x00000043        0x0 C:/Users/rui/AppData/Local/stm32cube/bundles/gnu-tools-for-stm32/13.3.1+st.9/bin/../lib/gcc/arm-none-eabi/13.3.1/../../../../arm-none-eabi/lib/thumb/v7-m/nofp\libg_nano.a(libc_a-wbuf.o)
                                 0x44 (size before relaxing)
 .comment       0x00000043        0x0 C:/Users/rui/AppData/Local/stm32cube/bundles/gnu-tools-for-stm32/13.3.1+st.9/bin/../lib/gcc/arm-none-eabi/13.3.1/../../../../arm-none-eabi/lib/thumb/v7-m/nofp\libg_nano.a(libc_a-wsetup.o)
                                 0x44 (size before relaxing)
 .comment       0x00000043        0x0 C:/Users/rui/AppData/Local/stm32cube/bundles/gnu-tools-for-stm32/13.3.1+st.9/bin/../lib/gcc/arm-none-eabi/13.3.1/../../../../arm-none-eabi/lib/thumb/v7-m/nofp\libg_nano.a(libc_a-memset.o)
                                 0x44 (size before relaxing)
 .comment       0x00000043        0x0 C:/Users/rui/AppData/Local/stm32cube/bundles/gnu-tools-for-stm32/13.3.1+st.9/bin/../lib/gcc/arm-none-eabi/13.3.1/../../../../arm-none-eabi/lib/thumb/v7-m/nofp\libg_nano.a(libc_a-closer.o)
                                 0x44 (size before relaxing)
 .comment       0x00000043        0x0 C:/Users/rui/AppData/Local/stm32cube/bundles/gnu-tools-for-stm32/13.3.1+st.9/bin/../lib/gcc/arm-none-eabi/13.3.1/../../../../arm-none-eabi/lib/thumb/v7-m/nofp\libg_nano.a(libc_a-reent.o)
                                 0x44 (size before relaxing)
 .comment       0x00000043        0x0 C:/Users/rui/AppData/Local/stm32cube/bundles/gnu-tools-for-stm32/13.3.1+st.9/bin/../lib/gcc/arm-none-eabi/13.3.1/../../../../arm-none-eabi/lib/thumb/v7-m/nofp\libg_nano.a(libc_a-impure.o)
                                 0x44 (size before relaxing)
 .comment       0x00000043        0x0 C:/Users/rui/AppData/Local/stm32cube/bundles/gnu-tools-for-stm32/13.3.1+st.9/bin/../lib/gcc/arm-none-eabi/13.3.1/../../../../arm-none-eabi/lib/thumb/v7-m/nofp\libg_nano.a(libc_a-lseekr.o)
                                 0x44 (size before relaxing)
 .comment       0x00000043        0x0 C:/Users/rui/AppData/Local/stm32cube/bundles/gnu-tools-for-stm32/13.3.1+st.9/bin/../lib/gcc/arm-none-eabi/13.3.1/../../../../arm-none-eabi/lib/thumb/v7-m/nofp\libg_nano.a(libc_a-readr.o)
                                 0x44 (size before relaxing)
 .comment       0x00000043        0x0 C:/Users/rui/AppData/Local/stm32cube/bundles/gnu-tools-for-stm32/13.3.1+st.9/bin/../lib/gcc/arm-none-eabi/13.3.1/../../../../arm-none-eabi/lib/thumb/v7-m/nofp\libg_nano.a(libc_a-writer.o)
                                 0x44 (size before relaxing)
 .comment       0x00000043        0x0 C:/Users/rui/AppData/Local/stm32cube/bundles/gnu-tools-for-stm32/13.3.1+st.9/bin/../lib/gcc/arm-none-eabi/13.3.1/../../../../arm-none-eabi/lib/thumb/v7-m/nofp\libg_nano.a(libc_a-errno.o)
                                 0x44 (size before relaxing)
 .comment       0x00000043        0x0 C:/Users/rui/AppData/Local/stm32cube/bundles/gnu-tools-for-stm32/13.3.1+st.9/bin/../lib/gcc/arm-none-eabi/13.3.1/../../../../arm-none-eabi/lib/thumb/v7-m/nofp\libg_nano.a(libc_a-init.o)
                                 0x44 (size before relaxing)
 .comment       0x00000043        0x0 C:/Users/rui/AppData/Local/stm32cube/bundles/gnu-tools-for-stm32/13.3.1+st.9/bin/../lib/gcc/arm-none-eabi/13.3.1/../../../../arm-none-eabi/lib/thumb/v7-m/nofp\libg_nano.a(libc_a-lock.o)
                                 0x44 (size before relaxing)
 .comment       0x00000043        0x0 C:/Users/rui/AppData/Local/stm32cube/bundles/gnu-tools-for-stm32/13.3.1+st.9/bin/../lib/gcc/arm-none-eabi/13.3.1/../../../../arm-none-eabi/lib/thumb/v7-m/nofp\libg_nano.a(libc_a-freer.o)
                                 0x44 (size before relaxing)
 .comment       0x00000043        0x0 C:/Users/rui/AppData/Local/stm32cube/bundles/gnu-tools-for-stm32/13.3.1+st.9/bin/../lib/gcc/arm-none-eabi/13.3.1/../../../../arm-none-eabi/lib/thumb/v7-m/nofp\libg_nano.a(libc_a-mallocr.o)
                                 0x44 (size before relaxing)
 .comment       0x00000043        0x0 C:/Users/rui/AppData/Local/stm32cube/bundles/gnu-tools-for-stm32/13.3.1+st.9/bin/../lib/gcc/arm-none-eabi/13.3.1/../../../../arm-none-eabi/lib/thumb/v7-m/nofp\libg_nano.a(libc_a-mlock.o)
                                 0x44 (size before relaxing)
 .comment       0x00000043        0x0 C:/Users/rui/AppData/Local/stm32cube/bundles/gnu-tools-for-stm32/13.3.1+st.9/bin/../lib/gcc/arm-none-eabi/13.3.1/../../../../arm-none-eabi/lib/thumb/v7-m/nofp\libg_nano.a(libc_a-nano-vfprintf.o)
                                 0x44 (size before relaxing)
 .comment       0x00000043        0x0 C:/Users/rui/AppData/Local/stm32cube/bundles/gnu-tools-for-stm32/13.3.1+st.9/bin/../lib/gcc/arm-none-eabi/13.3.1/../../../../arm-none-eabi/lib/thumb/v7-m/nofp\libg_nano.a(libc_a-nano-vfprintf_i.o)
                                 0x44 (size before relaxing)
 .comment       0x00000043        0x0 C:/Users/rui/AppData/Local/stm32cube/bundles/gnu-tools-for-stm32/13.3.1+st.9/bin/../lib/gcc/arm-none-eabi/13.3.1/../../../../arm-none-eabi/lib/thumb/v7-m/nofp\libg_nano.a(libc_a-fflush.o)
                                 0x44 (size before relaxing)
 .comment       0x00000043        0x0 C:/Users/rui/AppData/Local/stm32cube/bundles/gnu-tools-for-stm32/13.3.1+st.9/bin/../lib/gcc/arm-none-eabi/13.3.1/../../../../arm-none-eabi/lib/thumb/v7-m/nofp\libg_nano.a(libc_a-makebuf.o)
                                 0x44 (size before relaxing)
 .comment       0x00000043        0x0 C:/Users/rui/AppData/Local/stm32cube/bundles/gnu-tools-for-stm32/13.3.1+st.9/bin/../lib/gcc/arm-none-eabi/13.3.1/../../../../arm-none-eabi/lib/thumb/v7-m/nofp\libg_nano.a(libc_a-putc.o)
                                 0x44 (size before relaxing)
 .comment       0x00000043        0x0 C:/Users/rui/AppData/Local/stm32cube/bundles/gnu-tools-for-stm32/13.3.1+st.9/bin/../lib/gcc/arm-none-eabi/13.3.1/../../../../arm-none-eabi/lib/thumb/v7-m/nofp\libg_nano.a(libc_a-fstatr.o)
                                 0x44 (size before relaxing)
 .comment       0x00000043        0x0 C:/Users/rui/AppData/Local/stm32cube/bundles/gnu-tools-for-stm32/13.3.1+st.9/bin/../lib/gcc/arm-none-eabi/13.3.1/../../../../arm-none-eabi/lib/thumb/v7-m/nofp\libg_nano.a(libc_a-isattyr.o)
                                 0x44 (size before relaxing)
 .comment       0x00000043        0x0 C:/Users/rui/AppData/Local/stm32cube/bundles/gnu-tools-for-stm32/13.3.1+st.9/bin/../lib/gcc/arm-none-eabi/13.3.1/../../../../arm-none-eabi/lib/thumb/v7-m/nofp\libg_nano.a(libc_a-sbrkr.o)
                                 0x44 (size before relaxing)
 .comment       0x00000043        0x0 C:/Users/rui/AppData/Local/stm32cube/bundles/gnu-tools-for-stm32/13.3.1+st.9/bin/../lib/gcc/arm-none-eabi/13.3.1/../../../../arm-none-eabi/lib/thumb/v7-m/nofp\libg_nano.a(libc_a-memchr-stub.o)
                                 0x44 (size before relaxing)

.debug_info     0x00000000    0x1ed3d
 .debug_info    0x00000000      0x222 cmake/stm32cubemx/CMakeFiles/STM32_Drivers.dir/__/__/Core/Src/system_stm32f1xx.c.obj
 .debug_info    0x00000222     0x142d cmake/stm32cubemx/CMakeFiles/STM32_Drivers.dir/__/__/Drivers/STM32F1xx_HAL_Driver/Src/stm32f1xx_hal_spi.c.obj
 .debug_info    0x0000164f      0x704 cmake/stm32cubemx/CMakeFiles/STM32_Drivers.dir/__/__/Drivers/STM32F1xx_HAL_Driver/Src/stm32f1xx_hal.c.obj
 .debug_info    0x00001d53      0x7d5 cmake/stm32cubemx/CMakeFiles/STM32_Drivers.dir/__/__/Drivers/STM32F1xx_HAL_Driver/Src/stm32f1xx_hal_rcc.c.obj
 .debug_info    0x00002528      0x5ab cmake/stm32cubemx/CMakeFiles/STM32_Drivers.dir/__/__/Drivers/STM32F1xx_HAL_Driver/Src/stm32f1xx_hal_gpio.c.obj
 .debug_info    0x00002ad3      0x6d2 cmake/stm32cubemx/CMakeFiles/STM32_Drivers.dir/__/__/Drivers/STM32F1xx_HAL_Driver/Src/stm32f1xx_hal_dma.c.obj
 .debug_info    0x000031a5      0xa87 cmake/stm32cubemx/CMakeFiles/STM32_Drivers.dir/__/__/Drivers/STM32F1xx_HAL_Driver/Src/stm32f1xx_hal_cortex.c.obj
 .debug_info    0x00003c2c     0x2959 cmake/stm32cubemx/CMakeFiles/STM32_Drivers.dir/__/__/Drivers/STM32F1xx_HAL_Driver/Src/stm32f1xx_hal_tim.c.obj
 .debug_info    0x00006585     0x149b cmake/stm32cubemx/CMakeFiles/STM32_Drivers.dir/__/__/Drivers/STM32F1xx_HAL_Driver/Src/stm32f1xx_hal_tim_ex.c.obj
 .debug_info    0x00007a20     0x2eed cmake/stm32cubemx/CMakeFiles/STM32_Drivers.dir/__/__/Drivers/STM32F1xx_HAL_Driver/Src/stm32f1xx_hal_uart.c.obj
 .debug_info    0x0000a90d      0xc0e CMakeFiles/ip7_lcd_to_rgb.dir/Core/Src/main.c.obj
 .debug_info    0x0000b51b      0x2b7 CMakeFiles/ip7_lcd_to_rgb.dir/Core/Src/gpio.c.obj
 .debug_info    0x0000b7d2      0x2cf CMakeFiles/ip7_lcd_to_rgb.dir/Core/Src/dma.c.obj
 .debug_info    0x0000baa1      0x851 CMakeFiles/ip7_lcd_to_rgb.dir/Core/Src/spi.c.obj
 .debug_info    0x0000c2f2      0xa22 CMakeFiles/ip7_lcd_to_rgb.dir/Core/Src/tim.c.obj
 .debug_info    0x0000cd14      0x798 CMakeFiles/ip7_lcd_to_rgb.dir/Core/Src/usart.c.obj
 .debug_info    0x0000d4ac      0x35e CMakeFiles/ip7_lcd_to_rgb.dir/Core/Src/stm32f1xx_it.c.obj
 .debug_info    0x0000d80a      0x1f1 CMakeFiles/ip7_lcd_to_rgb.dir/Core/Src/stm32f1xx_hal_msp.c.obj
 .debug_info    0x0000d9fb      0x168 CMakeFiles/ip7_lcd_to_rgb.dir/Core/Src/sysmem.c.obj
 .debug_info    0x0000db63      0x6b4 CMakeFiles/ip7_lcd_to_rgb.dir/Core/Src/syscalls.c.obj
 .debug_info    0x0000e217       0x30 CMakeFiles/ip7_lcd_to_rgb.dir/startup_stm32f103xb.s.obj
 .debug_info    0x0000e247      0x7f5 CMakeFiles/ip7_lcd_to_rgb.dir/User/ssd2828.c.obj
 .debug_info    0x0000ea3c      0xee8 CMakeFiles/ip7_lcd_to_rgb.dir/User/ip7_touch.c.obj
 .debug_info    0x0000f924      0xfb5 C:/Users/rui/AppData/Local/stm32cube/bundles/gnu-tools-for-stm32/13.3.1+st.9/bin/../lib/gcc/arm-none-eabi/13.3.1/../../../../arm-none-eabi/lib/thumb/v7-m/nofp\libg_nano.a(libc_a-findfp.o)
 .debug_info    0x000108d9      0x7d2 C:/Users/rui/AppData/Local/stm32cube/bundles/gnu-tools-for-stm32/13.3.1+st.9/bin/../lib/gcc/arm-none-eabi/13.3.1/../../../../arm-none-eabi/lib/thumb/v7-m/nofp\libg_nano.a(libc_a-fwalk.o)
 .debug_info    0x000110ab      0x841 C:/Users/rui/AppData/Local/stm32cube/bundles/gnu-tools-for-stm32/13.3.1+st.9/bin/../lib/gcc/arm-none-eabi/13.3.1/../../../../arm-none-eabi/lib/thumb/v7-m/nofp\libg_nano.a(libc_a-printf.o)
 .debug_info    0x000118ec      0x7c9 C:/Users/rui/AppData/Local/stm32cube/bundles/gnu-tools-for-stm32/13.3.1+st.9/bin/../lib/gcc/arm-none-eabi/13.3.1/../../../../arm-none-eabi/lib/thumb/v7-m/nofp\libg_nano.a(libc_a-putchar.o)
 .debug_info    0x000120b5      0x950 C:/Users/rui/AppData/Local/stm32cube/bundles/gnu-tools-for-stm32/13.3.1+st.9/bin/../lib/gcc/arm-none-eabi/13.3.1/../../../../arm-none-eabi/lib/thumb/v7-m/nofp\libg_nano.a(libc_a-puts.o)
 .debug_info    0x00012a05      0xa90 C:/Users/rui/AppData/Local/stm32cube/bundles/gnu-tools-for-stm32/13.3.1+st.9/bin/../lib/gcc/arm-none-eabi/13.3.1/../../../../arm-none-eabi/lib/thumb/v7-m/nofp\libg_nano.a(libc_a-stdio.o)
 .debug_info    0x00013495      0x874 C:/Users/rui/AppData/Local/stm32cube/bundles/gnu-tools-for-stm32/13.3.1+st.9/bin/../lib/gcc/arm-none-eabi/13.3.1/../../../../arm-none-eabi/lib/thumb/v7-m/nofp\libg_nano.a(libc_a-wbuf.o)
 .debug_info    0x00013d09      0x7bb C:/Users/rui/AppData/Local/stm32cube/bundles/gnu-tools-for-stm32/13.3.1+st.9/bin/../lib/gcc/arm-none-eabi/13.3.1/../../../../arm-none-eabi/lib/thumb/v7-m/nofp\libg_nano.a(libc_a-wsetup.o)